{
  "schema_version": 1,
  "candidate": "Cayley program tree",
  "source_sha256": "a1e74c33a7aca81a85dc56e9ad1e295956828713d5d8c7f2f1f9c43b63e29637",
  "preregistration_sha256": "542e6b1d67203b1bc62fea4e2349cd89d40621a0e2fb91a069a5a8155b9a4757",
  "toy_configuration": {
    "width": 8,
    "depth": 6,
    "bases": 3,
    "degree": 3,
    "alpha": 0.25,
    "seed": 31
  },
  "basis_rows": [
    {
      "orthogonality_error": 7.565180731773423e-16,
      "numerical_density": 1.0
    },
    {
      "orthogonality_error": 6.679392553555731e-16,
      "numerical_density": 1.0
    },
    {
      "orthogonality_error": 8.2751548856315e-16,
      "numerical_density": 1.0
    }
  ],
  "runtime_neumann_basis_rows": [
    {
      "operator_error_from_exact": 8.821675140231112e-05,
      "minimum_singular_value": 0.9999882188910998,
      "orthogonality_error": 3.396197071636479e-05,
      "numerical_density": 1.0
    },
    {
      "operator_error_from_exact": 7.767841400714962e-05,
      "minimum_singular_value": 0.9999898829640702,
      "orthogonality_error": 2.863481286175256e-05,
      "numerical_density": 1.0
    },
    {
      "operator_error_from_exact": 6.143130584182898e-05,
      "minimum_singular_value": 0.9999923608075564,
      "orthogonality_error": 2.175131742956465e-05,
      "numerical_density": 1.0
    }
  ],
  "neumann_operator_error_upper_bound": 0.0026041666666666665,
  "implicit_topology": {
    "formula": "reversible-quadratic-affine-quadratic",
    "seeds": [
      21,
      124,
      233,
      93,
      160,
      191,
      18,
      31,
      38
    ],
    "affine_multipliers": [
      61,
      359,
      169,
      373,
      131,
      115,
      113,
      19,
      29
    ],
    "width_rows": [
      {
        "width": 8,
        "diameters": [
          3,
          3,
          3
        ]
      },
      {
        "width": 384,
        "diameters": [
          10,
          10,
          10
        ]
      },
      {
        "width": 4096,
        "diameters": [
          16,
          15,
          15
        ]
      }
    ]
  },
  "paths": {
    "count": 64,
    "unique_outputs": 64,
    "minimum_jacobian_rank": 8,
    "minimum_jacobian_density": 1.0,
    "jacobian_span_dimension": 64,
    "smallest_to_largest_span_singular_ratio": 1.1573087779537291e-07,
    "finite_difference_relative_error": 2.3528422243030365e-10
  },
  "same_basis_warning": "If every depth uses one Q, then in z=Qh coordinates all node payload transforms are coordinate-wise; cycling independent bases is required for cross-coordinate composition.",
  "width_384_ledger": {
    "width": 384,
    "intermediate_width": 1024,
    "depth": 9,
    "internal_nodes": 511,
    "path_payload_parameters": 1177344,
    "generator_parameters": 1728,
    "threshold_parameters": 511,
    "candidate_ffn_parameters": 1179583,
    "baseline_swiglu_parameters_and_macs": 1179648,
    "candidate_minus_baseline_parameters": -65,
    "hard_path_payload_scalars_read": 10368,
    "candidate_multiply_like_active_upper_bound": 96768,
    "candidate_to_dense_active_ratio": 0.08203125,
    "excluded": [
      "routing and index arithmetic",
      "additions and SiLU",
      "gather efficiency and batch divergence",
      "serial dependencies and kernel overhead",
      "training backward and soft-routing work"
    ]
  },
  "frozen_gates": {
    "bases_are_dense_and_orthogonal": true,
    "runtime_neumann_bases_are_faithful_and_invertible": true,
    "all_forced_paths_have_distinct_outputs": true,
    "all_path_jacobians_are_dense_and_full_rank": true,
    "path_jacobians_span_full_matrix_space": true,
    "analytic_jacobian_matches_finite_difference": true,
    "candidate_parameters_do_not_exceed_swiglu": true,
    "ideal_active_ratio_below_nine_percent": true,
    "implicit_topologies_are_connected_low_diameter": true
  },
  "all_gates_pass": true,
  "claim_boundary": {
    "proved_if_pass": [
      "same-parameter path storage with sub-9-percent ideal active work",
      "dense full-rank nonlinear path Jacobians",
      "full toy matrix-space span across forced paths"
    ],
    "not_proved": [
      "route learnability",
      "language-model capability",
      "independent information per path",
      "GPU speed",
      "novelty over broad conditional-computation families"
    ]
  }
}
