{"width": 192, "step": 0, "matrix": "model.layers.0.self_attn.q_proj", "rank": 192, "cost": 1.0, "q": 1.0, "fallback": true}
{"width": 192, "step": 0, "matrix": "model.layers.0.self_attn.k_proj", "rank": 64, "cost": 1.0, "q": 1.0, "fallback": true}
{"width": 192, "step": 0, "matrix": "model.layers.0.self_attn.v_proj", "rank": 64, "cost": 1.0, "q": 1.0, "fallback": true}
{"width": 192, "step": 0, "matrix": "model.layers.0.self_attn.o_proj", "rank": 192, "cost": 1.0, "q": 1.0, "fallback": true}
{"width": 192, "step": 0, "matrix": "model.layers.0.mlp.gate_proj", "rank": 512, "cost": 1.0, "q": 1.0, "fallback": true}
{"width": 192, "step": 0, "matrix": "model.layers.0.mlp.up_proj", "rank": 512, "cost": 1.0, "q": 1.0, "fallback": true}
{"width": 192, "step": 0, "matrix": "model.layers.0.mlp.down_proj", "rank": 192, "cost": 1.0, "q": 1.0, "fallback": true}
{"width": 192, "step": 0, "matrix": "model.layers.3.self_attn.q_proj", "rank": 192, "cost": 1.0, "q": 1.0, "fallback": true}
{"width": 192, "step": 0, "matrix": "model.layers.3.self_attn.k_proj", "rank": 64, "cost": 1.0, "q": 1.0, "fallback": true}
{"width": 192, "step": 0, "matrix": "model.layers.3.self_attn.v_proj", "rank": 38, "cost": 0.8009440104166666, "q": 0.9902253703419819, "fallback": false}
{"width": 192, "step": 0, "matrix": "model.layers.3.self_attn.o_proj", "rank": 192, "cost": 1.0, "q": 1.0, "fallback": true}
{"width": 192, "step": 0, "matrix": "model.layers.3.mlp.gate_proj", "rank": 512, "cost": 1.0, "q": 1.0, "fallback": true}
{"width": 192, "step": 0, "matrix": "model.layers.3.mlp.up_proj", "rank": 512, "cost": 1.0, "q": 1.0, "fallback": true}
{"width": 192, "step": 0, "matrix": "model.layers.3.mlp.down_proj", "rank": 192, "cost": 1.0, "q": 1.0, "fallback": true}
{"width": 192, "step": 0, "matrix": "model.layers.5.self_attn.q_proj", "rank": 192, "cost": 1.0, "q": 1.0, "fallback": true}
{"width": 192, "step": 0, "matrix": "model.layers.5.self_attn.k_proj", "rank": 64, "cost": 1.0, "q": 1.0, "fallback": true}
{"width": 192, "step": 0, "matrix": "model.layers.5.self_attn.v_proj", "rank": 29, "cost": 0.6112467447916666, "q": 0.9905038961968518, "fallback": false}
{"width": 192, "step": 0, "matrix": "model.layers.5.self_attn.o_proj", "rank": 192, "cost": 1.0, "q": 1.0, "fallback": true}
{"width": 192, "step": 0, "matrix": "model.layers.5.mlp.gate_proj", "rank": 512, "cost": 1.0, "q": 1.0, "fallback": true}
{"width": 192, "step": 0, "matrix": "model.layers.5.mlp.up_proj", "rank": 512, "cost": 1.0, "q": 1.0, "fallback": true}
{"width": 192, "step": 0, "matrix": "model.layers.5.mlp.down_proj", "rank": 192, "cost": 1.0, "q": 1.0, "fallback": true}
{"width": 192, "step": 16, "matrix": "model.layers.0.self_attn.q_proj", "rank": 192, "cost": 1.0, "q": 1.0, "fallback": true}
{"width": 192, "step": 16, "matrix": "model.layers.0.self_attn.k_proj", "rank": 64, "cost": 1.0, "q": 1.0, "fallback": true}
{"width": 192, "step": 16, "matrix": "model.layers.0.self_attn.v_proj", "rank": 64, "cost": 1.0, "q": 1.0, "fallback": true}
{"width": 192, "step": 16, "matrix": "model.layers.0.self_attn.o_proj", "rank": 192, "cost": 1.0, "q": 1.0, "fallback": true}
{"width": 192, "step": 16, "matrix": "model.layers.0.mlp.gate_proj", "rank": 512, "cost": 1.0, "q": 1.0, "fallback": true}
{"width": 192, "step": 16, "matrix": "model.layers.0.mlp.up_proj", "rank": 512, "cost": 1.0, "q": 1.0, "fallback": true}
{"width": 192, "step": 16, "matrix": "model.layers.0.mlp.down_proj", "rank": 192, "cost": 1.0, "q": 1.0, "fallback": true}
{"width": 192, "step": 16, "matrix": "model.layers.3.self_attn.q_proj", "rank": 192, "cost": 1.0, "q": 1.0, "fallback": true}
{"width": 192, "step": 16, "matrix": "model.layers.3.self_attn.k_proj", "rank": 64, "cost": 1.0, "q": 1.0, "fallback": true}
{"width": 192, "step": 16, "matrix": "model.layers.3.self_attn.v_proj", "rank": 31, "cost": 0.6534016927083334, "q": 0.9904347957457575, "fallback": false}
{"width": 192, "step": 16, "matrix": "model.layers.3.self_attn.o_proj", "rank": 192, "cost": 1.0, "q": 1.0, "fallback": true}
{"width": 192, "step": 16, "matrix": "model.layers.3.mlp.gate_proj", "rank": 512, "cost": 1.0, "q": 1.0, "fallback": true}
{"width": 192, "step": 16, "matrix": "model.layers.3.mlp.up_proj", "rank": 512, "cost": 1.0, "q": 1.0, "fallback": true}
{"width": 192, "step": 16, "matrix": "model.layers.3.mlp.down_proj", "rank": 192, "cost": 1.0, "q": 1.0, "fallback": true}
{"width": 192, "step": 16, "matrix": "model.layers.5.self_attn.q_proj", "rank": 192, "cost": 1.0, "q": 1.0, "fallback": true}
{"width": 192, "step": 16, "matrix": "model.layers.5.self_attn.k_proj", "rank": 64, "cost": 1.0, "q": 1.0, "fallback": true}
{"width": 192, "step": 16, "matrix": "model.layers.5.self_attn.v_proj", "rank": 20, "cost": 0.4215494791666667, "q": 0.9902884037180913, "fallback": false}
{"width": 192, "step": 16, "matrix": "model.layers.5.self_attn.o_proj", "rank": 192, "cost": 1.0, "q": 1.0, "fallback": true}
{"width": 192, "step": 16, "matrix": "model.layers.5.mlp.gate_proj", "rank": 512, "cost": 1.0, "q": 1.0, "fallback": true}
{"width": 192, "step": 16, "matrix": "model.layers.5.mlp.up_proj", "rank": 512, "cost": 1.0, "q": 1.0, "fallback": true}
{"width": 192, "step": 16, "matrix": "model.layers.5.mlp.down_proj", "rank": 192, "cost": 1.0, "q": 1.0, "fallback": true}
{"width": 192, "training_step": 64, "loss": 8.390512466430664}
{"width": 192, "step": 64, "matrix": "model.layers.0.self_attn.q_proj", "rank": 192, "cost": 1.0, "q": 1.0, "fallback": true}
{"width": 192, "step": 64, "matrix": "model.layers.0.self_attn.k_proj", "rank": 64, "cost": 1.0, "q": 1.0, "fallback": true}
{"width": 192, "step": 64, "matrix": "model.layers.0.self_attn.v_proj", "rank": 64, "cost": 1.0, "q": 1.0, "fallback": true}
{"width": 192, "step": 64, "matrix": "model.layers.0.self_attn.o_proj", "rank": 192, "cost": 1.0, "q": 1.0, "fallback": true}
{"width": 192, "step": 64, "matrix": "model.layers.0.mlp.gate_proj", "rank": 512, "cost": 1.0, "q": 1.0, "fallback": true}
{"width": 192, "step": 64, "matrix": "model.layers.0.mlp.up_proj", "rank": 512, "cost": 1.0, "q": 1.0, "fallback": true}
{"width": 192, "step": 64, "matrix": "model.layers.0.mlp.down_proj", "rank": 192, "cost": 1.0, "q": 1.0, "fallback": true}
{"width": 192, "step": 64, "matrix": "model.layers.3.self_attn.q_proj", "rank": 192, "cost": 1.0, "q": 1.0, "fallback": true}
{"width": 192, "step": 64, "matrix": "model.layers.3.self_attn.k_proj", "rank": 64, "cost": 1.0, "q": 1.0, "fallback": true}
{"width": 192, "step": 64, "matrix": "model.layers.3.self_attn.v_proj", "rank": 30, "cost": 0.63232421875, "q": 0.9912347018106052, "fallback": false}
{"width": 192, "step": 64, "matrix": "model.layers.3.self_attn.o_proj", "rank": 192, "cost": 1.0, "q": 1.0, "fallback": true}
{"width": 192, "step": 64, "matrix": "model.layers.3.mlp.gate_proj", "rank": 115, "cost": 0.8516438802083334, "q": 0.9900371527282169, "fallback": false}
{"width": 192, "step": 64, "matrix": "model.layers.3.mlp.up_proj", "rank": 512, "cost": 1.0, "q": 1.0, "fallback": true}
{"width": 192, "step": 64, "matrix": "model.layers.3.mlp.down_proj", "rank": 192, "cost": 1.0, "q": 1.0, "fallback": true}
{"width": 192, "step": 64, "matrix": "model.layers.5.self_attn.q_proj", "rank": 192, "cost": 1.0, "q": 1.0, "fallback": true}
{"width": 192, "step": 64, "matrix": "model.layers.5.self_attn.k_proj", "rank": 43, "cost": 0.9063313802083334, "q": 0.9911635422950592, "fallback": false}
{"width": 192, "step": 64, "matrix": "model.layers.5.self_attn.v_proj", "rank": 30, "cost": 0.63232421875, "q": 0.9922054049987806, "fallback": false}
{"width": 192, "step": 64, "matrix": "model.layers.5.self_attn.o_proj", "rank": 192, "cost": 1.0, "q": 1.0, "fallback": true}
{"width": 192, "step": 64, "matrix": "model.layers.5.mlp.gate_proj", "rank": 114, "cost": 0.84423828125, "q": 0.9901953892348357, "fallback": false}
{"width": 192, "step": 64, "matrix": "model.layers.5.mlp.up_proj", "rank": 115, "cost": 0.8516438802083334, "q": 0.9908717371206868, "fallback": false}
{"width": 192, "step": 64, "matrix": "model.layers.5.mlp.down_proj", "rank": 192, "cost": 1.0, "q": 1.0, "fallback": true}
{"width": 192, "training_step": 128, "loss": 7.790290355682373}
{"width": 192, "training_step": 192, "loss": 6.537552833557129}
{"width": 192, "training_step": 256, "loss": 7.199207305908203}
{"width": 192, "step": 256, "matrix": "model.layers.0.self_attn.q_proj", "rank": 192, "cost": 1.0, "q": 1.0, "fallback": true}
{"width": 192, "step": 256, "matrix": "model.layers.0.self_attn.k_proj", "rank": 64, "cost": 1.0, "q": 1.0, "fallback": true}
{"width": 192, "step": 256, "matrix": "model.layers.0.self_attn.v_proj", "rank": 64, "cost": 1.0, "q": 1.0, "fallback": true}
{"width": 192, "step": 256, "matrix": "model.layers.0.self_attn.o_proj", "rank": 192, "cost": 1.0, "q": 1.0, "fallback": true}
{"width": 192, "step": 256, "matrix": "model.layers.0.mlp.gate_proj", "rank": 512, "cost": 1.0, "q": 1.0, "fallback": true}
{"width": 192, "step": 256, "matrix": "model.layers.0.mlp.up_proj", "rank": 512, "cost": 1.0, "q": 1.0, "fallback": true}
{"width": 192, "step": 256, "matrix": "model.layers.0.mlp.down_proj", "rank": 192, "cost": 1.0, "q": 1.0, "fallback": true}
{"width": 192, "step": 256, "matrix": "model.layers.3.self_attn.q_proj", "rank": 192, "cost": 1.0, "q": 1.0, "fallback": true}
{"width": 192, "step": 256, "matrix": "model.layers.3.self_attn.k_proj", "rank": 64, "cost": 1.0, "q": 1.0, "fallback": true}
{"width": 192, "step": 256, "matrix": "model.layers.3.self_attn.v_proj", "rank": 46, "cost": 0.9695638020833334, "q": 0.991242430416267, "fallback": false}
{"width": 192, "step": 256, "matrix": "model.layers.3.self_attn.o_proj", "rank": 192, "cost": 1.0, "q": 1.0, "fallback": true}
{"width": 192, "step": 256, "matrix": "model.layers.3.mlp.gate_proj", "rank": 512, "cost": 1.0, "q": 1.0, "fallback": true}
{"width": 192, "step": 256, "matrix": "model.layers.3.mlp.up_proj", "rank": 512, "cost": 1.0, "q": 1.0, "fallback": true}
{"width": 192, "step": 256, "matrix": "model.layers.3.mlp.down_proj", "rank": 192, "cost": 1.0, "q": 1.0, "fallback": true}
{"width": 192, "step": 256, "matrix": "model.layers.5.self_attn.q_proj", "rank": 192, "cost": 1.0, "q": 1.0, "fallback": true}
{"width": 192, "step": 256, "matrix": "model.layers.5.self_attn.k_proj", "rank": 45, "cost": 0.948486328125, "q": 0.9917570546996678, "fallback": false}
{"width": 192, "step": 256, "matrix": "model.layers.5.self_attn.v_proj", "rank": 45, "cost": 0.948486328125, "q": 0.9903566758257958, "fallback": false}
{"width": 192, "step": 256, "matrix": "model.layers.5.self_attn.o_proj", "rank": 192, "cost": 1.0, "q": 1.0, "fallback": true}
{"width": 192, "step": 256, "matrix": "model.layers.5.mlp.gate_proj", "rank": 512, "cost": 1.0, "q": 1.0, "fallback": true}
{"width": 192, "step": 256, "matrix": "model.layers.5.mlp.up_proj", "rank": 512, "cost": 1.0, "q": 1.0, "fallback": true}
{"width": 192, "step": 256, "matrix": "model.layers.5.mlp.down_proj", "rank": 192, "cost": 1.0, "q": 1.0, "fallback": true}
{"width": 192, "training_step": 320, "loss": 6.774864673614502}
{"width": 192, "training_step": 384, "loss": 7.202639102935791}
{"width": 192, "training_step": 448, "loss": 7.357194423675537}
{"width": 192, "training_step": 512, "loss": 7.031426429748535}
{"width": 192, "step": 512, "matrix": "model.layers.0.self_attn.q_proj", "rank": 192, "cost": 1.0, "q": 1.0, "fallback": true}
{"width": 192, "step": 512, "matrix": "model.layers.0.self_attn.k_proj", "rank": 64, "cost": 1.0, "q": 1.0, "fallback": true}
{"width": 192, "step": 512, "matrix": "model.layers.0.self_attn.v_proj", "rank": 64, "cost": 1.0, "q": 1.0, "fallback": true}
{"width": 192, "step": 512, "matrix": "model.layers.0.self_attn.o_proj", "rank": 192, "cost": 1.0, "q": 1.0, "fallback": true}
{"width": 192, "step": 512, "matrix": "model.layers.0.mlp.gate_proj", "rank": 512, "cost": 1.0, "q": 1.0, "fallback": true}
{"width": 192, "step": 512, "matrix": "model.layers.0.mlp.up_proj", "rank": 512, "cost": 1.0, "q": 1.0, "fallback": true}
{"width": 192, "step": 512, "matrix": "model.layers.0.mlp.down_proj", "rank": 192, "cost": 1.0, "q": 1.0, "fallback": true}
{"width": 192, "step": 512, "matrix": "model.layers.3.self_attn.q_proj", "rank": 192, "cost": 1.0, "q": 1.0, "fallback": true}
{"width": 192, "step": 512, "matrix": "model.layers.3.self_attn.k_proj", "rank": 64, "cost": 1.0, "q": 1.0, "fallback": true}
{"width": 192, "step": 512, "matrix": "model.layers.3.self_attn.v_proj", "rank": 46, "cost": 0.9695638020833334, "q": 0.990952304436225, "fallback": false}
{"width": 192, "step": 512, "matrix": "model.layers.3.self_attn.o_proj", "rank": 192, "cost": 1.0, "q": 1.0, "fallback": true}
{"width": 192, "step": 512, "matrix": "model.layers.3.mlp.gate_proj", "rank": 512, "cost": 1.0, "q": 1.0, "fallback": true}
{"width": 192, "step": 512, "matrix": "model.layers.3.mlp.up_proj", "rank": 512, "cost": 1.0, "q": 1.0, "fallback": true}
{"width": 192, "step": 512, "matrix": "model.layers.3.mlp.down_proj", "rank": 192, "cost": 1.0, "q": 1.0, "fallback": true}
{"width": 192, "step": 512, "matrix": "model.layers.5.self_attn.q_proj", "rank": 192, "cost": 1.0, "q": 1.0, "fallback": true}
{"width": 192, "step": 512, "matrix": "model.layers.5.self_attn.k_proj", "rank": 45, "cost": 0.948486328125, "q": 0.9911168368369785, "fallback": false}
{"width": 192, "step": 512, "matrix": "model.layers.5.self_attn.v_proj", "rank": 44, "cost": 0.9274088541666666, "q": 0.9905177526759247, "fallback": false}
{"width": 192, "step": 512, "matrix": "model.layers.5.self_attn.o_proj", "rank": 192, "cost": 1.0, "q": 1.0, "fallback": true}
{"width": 192, "step": 512, "matrix": "model.layers.5.mlp.gate_proj", "rank": 512, "cost": 1.0, "q": 1.0, "fallback": true}
{"width": 192, "step": 512, "matrix": "model.layers.5.mlp.up_proj", "rank": 512, "cost": 1.0, "q": 1.0, "fallback": true}
{"width": 192, "step": 512, "matrix": "model.layers.5.mlp.down_proj", "rank": 192, "cost": 1.0, "q": 1.0, "fallback": true}
{"width": 384, "step": 0, "matrix": "model.layers.0.self_attn.q_proj", "rank": 384, "cost": 1.0, "q": 1.0, "fallback": true}
{"width": 384, "step": 0, "matrix": "model.layers.0.self_attn.k_proj", "rank": 128, "cost": 1.0, "q": 1.0, "fallback": true}
{"width": 384, "step": 0, "matrix": "model.layers.0.self_attn.v_proj", "rank": 128, "cost": 1.0, "q": 1.0, "fallback": true}
{"width": 384, "step": 0, "matrix": "model.layers.0.self_attn.o_proj", "rank": 384, "cost": 1.0, "q": 1.0, "fallback": true}
{"width": 384, "step": 0, "matrix": "model.layers.0.mlp.gate_proj", "rank": 1024, "cost": 1.0, "q": 1.0, "fallback": true}
{"width": 384, "step": 0, "matrix": "model.layers.0.mlp.up_proj", "rank": 1024, "cost": 1.0, "q": 1.0, "fallback": true}
{"width": 384, "step": 0, "matrix": "model.layers.0.mlp.down_proj", "rank": 384, "cost": 1.0, "q": 1.0, "fallback": true}
{"width": 384, "step": 0, "matrix": "model.layers.3.self_attn.q_proj", "rank": 384, "cost": 1.0, "q": 1.0, "fallback": true}
{"width": 384, "step": 0, "matrix": "model.layers.3.self_attn.k_proj", "rank": 128, "cost": 1.0, "q": 1.0, "fallback": true}
{"width": 384, "step": 0, "matrix": "model.layers.3.self_attn.v_proj", "rank": 72, "cost": 0.767578125, "q": 0.9903806205909983, "fallback": false}
{"width": 384, "step": 0, "matrix": "model.layers.3.self_attn.o_proj", "rank": 384, "cost": 1.0, "q": 1.0, "fallback": true}
{"width": 384, "step": 0, "matrix": "model.layers.3.mlp.gate_proj", "rank": 1024, "cost": 1.0, "q": 1.0, "fallback": true}
{"width": 384, "step": 0, "matrix": "model.layers.3.mlp.up_proj", "rank": 1024, "cost": 1.0, "q": 1.0, "fallback": true}
{"width": 384, "step": 0, "matrix": "model.layers.3.mlp.down_proj", "rank": 384, "cost": 1.0, "q": 1.0, "fallback": true}
{"width": 384, "step": 0, "matrix": "model.layers.5.self_attn.q_proj", "rank": 384, "cost": 1.0, "q": 1.0, "fallback": true}
{"width": 384, "step": 0, "matrix": "model.layers.5.self_attn.k_proj", "rank": 128, "cost": 1.0, "q": 1.0, "fallback": true}
{"width": 384, "step": 0, "matrix": "model.layers.5.self_attn.v_proj", "rank": 59, "cost": 0.6289876302083334, "q": 0.9900784068191569, "fallback": false}
{"width": 384, "step": 0, "matrix": "model.layers.5.self_attn.o_proj", "rank": 384, "cost": 1.0, "q": 1.0, "fallback": true}
{"width": 384, "step": 0, "matrix": "model.layers.5.mlp.gate_proj", "rank": 1024, "cost": 1.0, "q": 1.0, "fallback": true}
{"width": 384, "step": 0, "matrix": "model.layers.5.mlp.up_proj", "rank": 1024, "cost": 1.0, "q": 1.0, "fallback": true}
{"width": 384, "step": 0, "matrix": "model.layers.5.mlp.down_proj", "rank": 384, "cost": 1.0, "q": 1.0, "fallback": true}
{"width": 384, "step": 16, "matrix": "model.layers.0.self_attn.q_proj", "rank": 384, "cost": 1.0, "q": 1.0, "fallback": true}
{"width": 384, "step": 16, "matrix": "model.layers.0.self_attn.k_proj", "rank": 128, "cost": 1.0, "q": 1.0, "fallback": true}
{"width": 384, "step": 16, "matrix": "model.layers.0.self_attn.v_proj", "rank": 128, "cost": 1.0, "q": 1.0, "fallback": true}
{"width": 384, "step": 16, "matrix": "model.layers.0.self_attn.o_proj", "rank": 384, "cost": 1.0, "q": 1.0, "fallback": true}
{"width": 384, "step": 16, "matrix": "model.layers.0.mlp.gate_proj", "rank": 1024, "cost": 1.0, "q": 1.0, "fallback": true}
{"width": 384, "step": 16, "matrix": "model.layers.0.mlp.up_proj", "rank": 1024, "cost": 1.0, "q": 1.0, "fallback": true}
{"width": 384, "step": 16, "matrix": "model.layers.0.mlp.down_proj", "rank": 384, "cost": 1.0, "q": 1.0, "fallback": true}
{"width": 384, "step": 16, "matrix": "model.layers.3.self_attn.q_proj", "rank": 384, "cost": 1.0, "q": 1.0, "fallback": true}
{"width": 384, "step": 16, "matrix": "model.layers.3.self_attn.k_proj", "rank": 128, "cost": 1.0, "q": 1.0, "fallback": true}
{"width": 384, "step": 16, "matrix": "model.layers.3.self_attn.v_proj", "rank": 45, "cost": 0.479736328125, "q": 0.9900936395980471, "fallback": false}
{"width": 384, "step": 16, "matrix": "model.layers.3.self_attn.o_proj", "rank": 384, "cost": 1.0, "q": 1.0, "fallback": true}
{"width": 384, "step": 16, "matrix": "model.layers.3.mlp.gate_proj", "rank": 1024, "cost": 1.0, "q": 1.0, "fallback": true}
{"width": 384, "step": 16, "matrix": "model.layers.3.mlp.up_proj", "rank": 1024, "cost": 1.0, "q": 1.0, "fallback": true}
{"width": 384, "step": 16, "matrix": "model.layers.3.mlp.down_proj", "rank": 384, "cost": 1.0, "q": 1.0, "fallback": true}
{"width": 384, "step": 16, "matrix": "model.layers.5.self_attn.q_proj", "rank": 384, "cost": 1.0, "q": 1.0, "fallback": true}
{"width": 384, "step": 16, "matrix": "model.layers.5.self_attn.k_proj", "rank": 128, "cost": 1.0, "q": 1.0, "fallback": true}
{"width": 384, "step": 16, "matrix": "model.layers.5.self_attn.v_proj", "rank": 40, "cost": 0.4264322916666667, "q": 0.9905707635050757, "fallback": false}
{"width": 384, "step": 16, "matrix": "model.layers.5.self_attn.o_proj", "rank": 384, "cost": 1.0, "q": 1.0, "fallback": true}
{"width": 384, "step": 16, "matrix": "model.layers.5.mlp.gate_proj", "rank": 1024, "cost": 1.0, "q": 1.0, "fallback": true}
{"width": 384, "step": 16, "matrix": "model.layers.5.mlp.up_proj", "rank": 1024, "cost": 1.0, "q": 1.0, "fallback": true}
{"width": 384, "step": 16, "matrix": "model.layers.5.mlp.down_proj", "rank": 384, "cost": 1.0, "q": 1.0, "fallback": true}
{"width": 384, "training_step": 64, "loss": 7.744457244873047}
{"width": 384, "step": 64, "matrix": "model.layers.0.self_attn.q_proj", "rank": 384, "cost": 1.0, "q": 1.0, "fallback": true}
{"width": 384, "step": 64, "matrix": "model.layers.0.self_attn.k_proj", "rank": 128, "cost": 1.0, "q": 1.0, "fallback": true}
{"width": 384, "step": 64, "matrix": "model.layers.0.self_attn.v_proj", "rank": 128, "cost": 1.0, "q": 1.0, "fallback": true}
{"width": 384, "step": 64, "matrix": "model.layers.0.self_attn.o_proj", "rank": 384, "cost": 1.0, "q": 1.0, "fallback": true}
{"width": 384, "step": 64, "matrix": "model.layers.0.mlp.gate_proj", "rank": 1024, "cost": 1.0, "q": 1.0, "fallback": true}
{"width": 384, "step": 64, "matrix": "model.layers.0.mlp.up_proj", "rank": 1024, "cost": 1.0, "q": 1.0, "fallback": true}
{"width": 384, "step": 64, "matrix": "model.layers.0.mlp.down_proj", "rank": 384, "cost": 1.0, "q": 1.0, "fallback": true}
{"width": 384, "step": 64, "matrix": "model.layers.3.self_attn.q_proj", "rank": 384, "cost": 1.0, "q": 1.0, "fallback": true}
{"width": 384, "step": 64, "matrix": "model.layers.3.self_attn.k_proj", "rank": 90, "cost": 0.95947265625, "q": 0.9904624668528165, "fallback": false}
{"width": 384, "step": 64, "matrix": "model.layers.3.self_attn.v_proj", "rank": 35, "cost": 0.3731282552083333, "q": 0.9904223378138068, "fallback": false}
{"width": 384, "step": 64, "matrix": "model.layers.3.self_attn.o_proj", "rank": 384, "cost": 1.0, "q": 1.0, "fallback": true}
{"width": 384, "step": 64, "matrix": "model.layers.3.mlp.gate_proj", "rank": 199, "cost": 0.7611490885416666, "q": 0.990016385568938, "fallback": false}
{"width": 384, "step": 64, "matrix": "model.layers.3.mlp.up_proj", "rank": 180, "cost": 0.6884765625, "q": 0.9903375577872074, "fallback": false}
{"width": 384, "step": 64, "matrix": "model.layers.3.mlp.down_proj", "rank": 384, "cost": 1.0, "q": 1.0, "fallback": true}
{"width": 384, "step": 64, "matrix": "model.layers.5.self_attn.q_proj", "rank": 163, "cost": 0.8887532552083334, "q": 0.9904714023250161, "fallback": false}
{"width": 384, "step": 64, "matrix": "model.layers.5.self_attn.k_proj", "rank": 63, "cost": 0.671630859375, "q": 0.9902005019973578, "fallback": false}
{"width": 384, "step": 64, "matrix": "model.layers.5.self_attn.v_proj", "rank": 24, "cost": 0.255859375, "q": 0.9911927454292262, "fallback": false}
{"width": 384, "step": 64, "matrix": "model.layers.5.self_attn.o_proj", "rank": 384, "cost": 1.0, "q": 1.0, "fallback": true}
{"width": 384, "step": 64, "matrix": "model.layers.5.mlp.gate_proj", "rank": 193, "cost": 0.7381998697916666, "q": 0.9901592647888678, "fallback": false}
{"width": 384, "step": 64, "matrix": "model.layers.5.mlp.up_proj", "rank": 194, "cost": 0.7420247395833334, "q": 0.9901048953195851, "fallback": false}
{"width": 384, "step": 64, "matrix": "model.layers.5.mlp.down_proj", "rank": 384, "cost": 1.0, "q": 1.0, "fallback": true}
{"width": 384, "training_step": 128, "loss": 7.628063201904297}
{"width": 384, "training_step": 192, "loss": 6.250573635101318}
{"width": 384, "training_step": 256, "loss": 7.060263633728027}
{"width": 384, "step": 256, "matrix": "model.layers.0.self_attn.q_proj", "rank": 384, "cost": 1.0, "q": 1.0, "fallback": true}
{"width": 384, "step": 256, "matrix": "model.layers.0.self_attn.k_proj", "rank": 128, "cost": 1.0, "q": 1.0, "fallback": true}
{"width": 384, "step": 256, "matrix": "model.layers.0.self_attn.v_proj", "rank": 128, "cost": 1.0, "q": 1.0, "fallback": true}
{"width": 384, "step": 256, "matrix": "model.layers.0.self_attn.o_proj", "rank": 384, "cost": 1.0, "q": 1.0, "fallback": true}
{"width": 384, "step": 256, "matrix": "model.layers.0.mlp.gate_proj", "rank": 1024, "cost": 1.0, "q": 1.0, "fallback": true}
{"width": 384, "step": 256, "matrix": "model.layers.0.mlp.up_proj", "rank": 1024, "cost": 1.0, "q": 1.0, "fallback": true}
{"width": 384, "step": 256, "matrix": "model.layers.0.mlp.down_proj", "rank": 384, "cost": 1.0, "q": 1.0, "fallback": true}
{"width": 384, "step": 256, "matrix": "model.layers.3.self_attn.q_proj", "rank": 146, "cost": 0.7960611979166666, "q": 0.9902067503432029, "fallback": false}
{"width": 384, "step": 256, "matrix": "model.layers.3.self_attn.k_proj", "rank": 74, "cost": 0.7888997395833334, "q": 0.9902269304373983, "fallback": false}
{"width": 384, "step": 256, "matrix": "model.layers.3.self_attn.v_proj", "rank": 128, "cost": 1.0, "q": 1.0, "fallback": true}
{"width": 384, "step": 256, "matrix": "model.layers.3.self_attn.o_proj", "rank": 384, "cost": 1.0, "q": 1.0, "fallback": true}
{"width": 384, "step": 256, "matrix": "model.layers.3.mlp.gate_proj", "rank": 1024, "cost": 1.0, "q": 1.0, "fallback": true}
{"width": 384, "step": 256, "matrix": "model.layers.3.mlp.up_proj", "rank": 1024, "cost": 1.0, "q": 1.0, "fallback": true}
{"width": 384, "step": 256, "matrix": "model.layers.3.mlp.down_proj", "rank": 384, "cost": 1.0, "q": 1.0, "fallback": true}
{"width": 384, "step": 256, "matrix": "model.layers.5.self_attn.q_proj", "rank": 175, "cost": 0.9541829427083334, "q": 0.9900410564865818, "fallback": false}
{"width": 384, "step": 256, "matrix": "model.layers.5.self_attn.k_proj", "rank": 89, "cost": 0.9488118489583334, "q": 0.9902236547006791, "fallback": false}
{"width": 384, "step": 256, "matrix": "model.layers.5.self_attn.v_proj", "rank": 128, "cost": 1.0, "q": 1.0, "fallback": true}
{"width": 384, "step": 256, "matrix": "model.layers.5.self_attn.o_proj", "rank": 384, "cost": 1.0, "q": 1.0, "fallback": true}
{"width": 384, "step": 256, "matrix": "model.layers.5.mlp.gate_proj", "rank": 1024, "cost": 1.0, "q": 1.0, "fallback": true}
{"width": 384, "step": 256, "matrix": "model.layers.5.mlp.up_proj", "rank": 1024, "cost": 1.0, "q": 1.0, "fallback": true}
{"width": 384, "step": 256, "matrix": "model.layers.5.mlp.down_proj", "rank": 384, "cost": 1.0, "q": 1.0, "fallback": true}
{"width": 384, "training_step": 320, "loss": 6.557178497314453}
{"width": 384, "training_step": 384, "loss": 6.986990451812744}
{"width": 384, "training_step": 448, "loss": 7.114387035369873}
{"width": 384, "training_step": 512, "loss": 6.8145365715026855}
{"width": 384, "step": 512, "matrix": "model.layers.0.self_attn.q_proj", "rank": 384, "cost": 1.0, "q": 1.0, "fallback": true}
{"width": 384, "step": 512, "matrix": "model.layers.0.self_attn.k_proj", "rank": 128, "cost": 1.0, "q": 1.0, "fallback": true}
{"width": 384, "step": 512, "matrix": "model.layers.0.self_attn.v_proj", "rank": 128, "cost": 1.0, "q": 1.0, "fallback": true}
{"width": 384, "step": 512, "matrix": "model.layers.0.self_attn.o_proj", "rank": 384, "cost": 1.0, "q": 1.0, "fallback": true}
{"width": 384, "step": 512, "matrix": "model.layers.0.mlp.gate_proj", "rank": 1024, "cost": 1.0, "q": 1.0, "fallback": true}
{"width": 384, "step": 512, "matrix": "model.layers.0.mlp.up_proj", "rank": 1024, "cost": 1.0, "q": 1.0, "fallback": true}
{"width": 384, "step": 512, "matrix": "model.layers.0.mlp.down_proj", "rank": 384, "cost": 1.0, "q": 1.0, "fallback": true}
{"width": 384, "step": 512, "matrix": "model.layers.3.self_attn.q_proj", "rank": 84, "cost": 0.4580078125, "q": 0.9903466976694786, "fallback": false}
{"width": 384, "step": 512, "matrix": "model.layers.3.self_attn.k_proj", "rank": 62, "cost": 0.6609700520833334, "q": 0.9903649828291371, "fallback": false}
{"width": 384, "step": 512, "matrix": "model.layers.3.self_attn.v_proj", "rank": 128, "cost": 1.0, "q": 1.0, "fallback": true}
{"width": 384, "step": 512, "matrix": "model.layers.3.self_attn.o_proj", "rank": 384, "cost": 1.0, "q": 1.0, "fallback": true}
{"width": 384, "step": 512, "matrix": "model.layers.3.mlp.gate_proj", "rank": 1024, "cost": 1.0, "q": 1.0, "fallback": true}
{"width": 384, "step": 512, "matrix": "model.layers.3.mlp.up_proj", "rank": 1024, "cost": 1.0, "q": 1.0, "fallback": true}
{"width": 384, "step": 512, "matrix": "model.layers.3.mlp.down_proj", "rank": 384, "cost": 1.0, "q": 1.0, "fallback": true}
{"width": 384, "step": 512, "matrix": "model.layers.5.self_attn.q_proj", "rank": 172, "cost": 0.9378255208333334, "q": 0.9900308991515412, "fallback": false}
{"width": 384, "step": 512, "matrix": "model.layers.5.self_attn.k_proj", "rank": 87, "cost": 0.927490234375, "q": 0.9905232275723364, "fallback": false}
{"width": 384, "step": 512, "matrix": "model.layers.5.self_attn.v_proj", "rank": 128, "cost": 1.0, "q": 1.0, "fallback": true}
{"width": 384, "step": 512, "matrix": "model.layers.5.self_attn.o_proj", "rank": 384, "cost": 1.0, "q": 1.0, "fallback": true}
{"width": 384, "step": 512, "matrix": "model.layers.5.mlp.gate_proj", "rank": 1024, "cost": 1.0, "q": 1.0, "fallback": true}
{"width": 384, "step": 512, "matrix": "model.layers.5.mlp.up_proj", "rank": 1024, "cost": 1.0, "q": 1.0, "fallback": true}
{"width": 384, "step": 512, "matrix": "model.layers.5.mlp.down_proj", "rank": 384, "cost": 1.0, "q": 1.0, "fallback": true}
{"width": 768, "step": 0, "matrix": "model.layers.0.self_attn.q_proj", "rank": 768, "cost": 1.0, "q": 1.0, "fallback": true}
{"width": 768, "step": 0, "matrix": "model.layers.0.self_attn.k_proj", "rank": 256, "cost": 1.0, "q": 1.0, "fallback": true}
{"width": 768, "step": 0, "matrix": "model.layers.0.self_attn.v_proj", "rank": 256, "cost": 1.0, "q": 1.0, "fallback": true}
{"width": 768, "step": 0, "matrix": "model.layers.0.self_attn.o_proj", "rank": 768, "cost": 1.0, "q": 1.0, "fallback": true}
{"width": 768, "step": 0, "matrix": "model.layers.0.mlp.gate_proj", "rank": 2048, "cost": 1.0, "q": 1.0, "fallback": true}
{"width": 768, "step": 0, "matrix": "model.layers.0.mlp.up_proj", "rank": 2048, "cost": 1.0, "q": 1.0, "fallback": true}
{"width": 768, "step": 0, "matrix": "model.layers.0.mlp.down_proj", "rank": 768, "cost": 1.0, "q": 1.0, "fallback": true}
{"width": 768, "step": 0, "matrix": "model.layers.3.self_attn.q_proj", "rank": 768, "cost": 1.0, "q": 1.0, "fallback": true}
{"width": 768, "step": 0, "matrix": "model.layers.3.self_attn.k_proj", "rank": 256, "cost": 1.0, "q": 1.0, "fallback": true}
{"width": 768, "step": 0, "matrix": "model.layers.3.self_attn.v_proj", "rank": 102, "cost": 0.55615234375, "q": 0.9900840158818941, "fallback": false}
{"width": 768, "step": 0, "matrix": "model.layers.3.self_attn.o_proj", "rank": 768, "cost": 1.0, "q": 1.0, "fallback": true}
{"width": 768, "step": 0, "matrix": "model.layers.3.mlp.gate_proj", "rank": 2048, "cost": 1.0, "q": 1.0, "fallback": true}
{"width": 768, "step": 0, "matrix": "model.layers.3.mlp.up_proj", "rank": 2048, "cost": 1.0, "q": 1.0, "fallback": true}
{"width": 768, "step": 0, "matrix": "model.layers.3.mlp.down_proj", "rank": 768, "cost": 1.0, "q": 1.0, "fallback": true}
{"width": 768, "step": 0, "matrix": "model.layers.5.self_attn.q_proj", "rank": 768, "cost": 1.0, "q": 1.0, "fallback": true}
{"width": 768, "step": 0, "matrix": "model.layers.5.self_attn.k_proj", "rank": 256, "cost": 1.0, "q": 1.0, "fallback": true}
{"width": 768, "step": 0, "matrix": "model.layers.5.self_attn.v_proj", "rank": 90, "cost": 0.49072265625, "q": 0.9900736837644565, "fallback": false}
{"width": 768, "step": 0, "matrix": "model.layers.5.self_attn.o_proj", "rank": 768, "cost": 1.0, "q": 1.0, "fallback": true}
{"width": 768, "step": 0, "matrix": "model.layers.5.mlp.gate_proj", "rank": 2048, "cost": 1.0, "q": 1.0, "fallback": true}
{"width": 768, "step": 0, "matrix": "model.layers.5.mlp.up_proj", "rank": 2048, "cost": 1.0, "q": 1.0, "fallback": true}
{"width": 768, "step": 0, "matrix": "model.layers.5.mlp.down_proj", "rank": 768, "cost": 1.0, "q": 1.0, "fallback": true}
{"width": 768, "step": 16, "matrix": "model.layers.0.self_attn.q_proj", "rank": 768, "cost": 1.0, "q": 1.0, "fallback": true}
{"width": 768, "step": 16, "matrix": "model.layers.0.self_attn.k_proj", "rank": 256, "cost": 1.0, "q": 1.0, "fallback": true}
{"width": 768, "step": 16, "matrix": "model.layers.0.self_attn.v_proj", "rank": 256, "cost": 1.0, "q": 1.0, "fallback": true}
{"width": 768, "step": 16, "matrix": "model.layers.0.self_attn.o_proj", "rank": 768, "cost": 1.0, "q": 1.0, "fallback": true}
{"width": 768, "step": 16, "matrix": "model.layers.0.mlp.gate_proj", "rank": 2048, "cost": 1.0, "q": 1.0, "fallback": true}
{"width": 768, "step": 16, "matrix": "model.layers.0.mlp.up_proj", "rank": 2048, "cost": 1.0, "q": 1.0, "fallback": true}
{"width": 768, "step": 16, "matrix": "model.layers.0.mlp.down_proj", "rank": 768, "cost": 1.0, "q": 1.0, "fallback": true}
{"width": 768, "step": 16, "matrix": "model.layers.3.self_attn.q_proj", "rank": 768, "cost": 1.0, "q": 1.0, "fallback": true}
{"width": 768, "step": 16, "matrix": "model.layers.3.self_attn.k_proj", "rank": 256, "cost": 1.0, "q": 1.0, "fallback": true}
{"width": 768, "step": 16, "matrix": "model.layers.3.self_attn.v_proj", "rank": 76, "cost": 0.4143880208333333, "q": 0.9901913244610078, "fallback": false}
{"width": 768, "step": 16, "matrix": "model.layers.3.self_attn.o_proj", "rank": 768, "cost": 1.0, "q": 1.0, "fallback": true}
{"width": 768, "step": 16, "matrix": "model.layers.3.mlp.gate_proj", "rank": 2048, "cost": 1.0, "q": 1.0, "fallback": true}
{"width": 768, "step": 16, "matrix": "model.layers.3.mlp.up_proj", "rank": 2048, "cost": 1.0, "q": 1.0, "fallback": true}
{"width": 768, "step": 16, "matrix": "model.layers.3.mlp.down_proj", "rank": 768, "cost": 1.0, "q": 1.0, "fallback": true}
{"width": 768, "step": 16, "matrix": "model.layers.5.self_attn.q_proj", "rank": 768, "cost": 1.0, "q": 1.0, "fallback": true}
{"width": 768, "step": 16, "matrix": "model.layers.5.self_attn.k_proj", "rank": 256, "cost": 1.0, "q": 1.0, "fallback": true}
{"width": 768, "step": 16, "matrix": "model.layers.5.self_attn.v_proj", "rank": 52, "cost": 0.2835286458333333, "q": 0.9901921359558654, "fallback": false}
{"width": 768, "step": 16, "matrix": "model.layers.5.self_attn.o_proj", "rank": 768, "cost": 1.0, "q": 1.0, "fallback": true}
{"width": 768, "step": 16, "matrix": "model.layers.5.mlp.gate_proj", "rank": 2048, "cost": 1.0, "q": 1.0, "fallback": true}
{"width": 768, "step": 16, "matrix": "model.layers.5.mlp.up_proj", "rank": 2048, "cost": 1.0, "q": 1.0, "fallback": true}
{"width": 768, "step": 16, "matrix": "model.layers.5.mlp.down_proj", "rank": 472, "cost": 0.9602864583333334, "q": 0.9900383886997657, "fallback": false}
{"width": 768, "training_step": 64, "loss": 7.553420066833496}
{"width": 768, "step": 64, "matrix": "model.layers.0.self_attn.q_proj", "rank": 768, "cost": 1.0, "q": 1.0, "fallback": true}
{"width": 768, "step": 64, "matrix": "model.layers.0.self_attn.k_proj", "rank": 256, "cost": 1.0, "q": 1.0, "fallback": true}
{"width": 768, "step": 64, "matrix": "model.layers.0.self_attn.v_proj", "rank": 102, "cost": 0.55615234375, "q": 0.9900104544609315, "fallback": false}
{"width": 768, "step": 64, "matrix": "model.layers.0.self_attn.o_proj", "rank": 768, "cost": 1.0, "q": 1.0, "fallback": true}
{"width": 768, "step": 64, "matrix": "model.layers.0.mlp.gate_proj", "rank": 2048, "cost": 1.0, "q": 1.0, "fallback": true}
{"width": 768, "step": 64, "matrix": "model.layers.0.mlp.up_proj", "rank": 2048, "cost": 1.0, "q": 1.0, "fallback": true}
{"width": 768, "step": 64, "matrix": "model.layers.0.mlp.down_proj", "rank": 768, "cost": 1.0, "q": 1.0, "fallback": true}
{"width": 768, "step": 64, "matrix": "model.layers.3.self_attn.q_proj", "rank": 162, "cost": 0.46142578125, "q": 0.9900778432425082, "fallback": false}
{"width": 768, "step": 64, "matrix": "model.layers.3.self_attn.k_proj", "rank": 66, "cost": 0.35986328125, "q": 0.9902636563838603, "fallback": false}
{"width": 768, "step": 64, "matrix": "model.layers.3.self_attn.v_proj", "rank": 46, "cost": 0.2508138020833333, "q": 0.9902782134628355, "fallback": false}
{"width": 768, "step": 64, "matrix": "model.layers.3.self_attn.o_proj", "rank": 768, "cost": 1.0, "q": 1.0, "fallback": true}
{"width": 768, "step": 64, "matrix": "model.layers.3.mlp.gate_proj", "rank": 423, "cost": 0.860595703125, "q": 0.9900270194690316, "fallback": false}
{"width": 768, "step": 64, "matrix": "model.layers.3.mlp.up_proj", "rank": 369, "cost": 0.750732421875, "q": 0.9901571731113249, "fallback": false}
{"width": 768, "step": 64, "matrix": "model.layers.3.mlp.down_proj", "rank": 768, "cost": 1.0, "q": 1.0, "fallback": true}
{"width": 768, "step": 64, "matrix": "model.layers.5.self_attn.q_proj", "rank": 140, "cost": 0.3987630208333333, "q": 0.9900001814901219, "fallback": false}
{"width": 768, "step": 64, "matrix": "model.layers.5.self_attn.k_proj", "rank": 64, "cost": 0.3489583333333333, "q": 0.9910839104186935, "fallback": false}
{"width": 768, "step": 64, "matrix": "model.layers.5.self_attn.v_proj", "rank": 52, "cost": 0.2835286458333333, "q": 0.9900799243517867, "fallback": false}
{"width": 768, "step": 64, "matrix": "model.layers.5.self_attn.o_proj", "rank": 768, "cost": 1.0, "q": 1.0, "fallback": true}
{"width": 768, "step": 64, "matrix": "model.layers.5.mlp.gate_proj", "rank": 341, "cost": 0.6937662760416667, "q": 0.9900277333921765, "fallback": false}
{"width": 768, "step": 64, "matrix": "model.layers.5.mlp.up_proj", "rank": 334, "cost": 0.6795247395833333, "q": 0.9900180166387115, "fallback": false}
{"width": 768, "step": 64, "matrix": "model.layers.5.mlp.down_proj", "rank": 768, "cost": 1.0, "q": 1.0, "fallback": true}
{"width": 768, "training_step": 128, "loss": 7.605807304382324}
{"width": 768, "training_step": 192, "loss": 5.899514198303223}
{"width": 768, "training_step": 256, "loss": 6.976234436035156}
{"width": 768, "step": 256, "matrix": "model.layers.0.self_attn.q_proj", "rank": 313, "cost": 0.8915201822916666, "q": 0.9900371357102503, "fallback": false}
{"width": 768, "step": 256, "matrix": "model.layers.0.self_attn.k_proj", "rank": 256, "cost": 1.0, "q": 1.0, "fallback": true}
{"width": 768, "step": 256, "matrix": "model.layers.0.self_attn.v_proj", "rank": 111, "cost": 0.605224609375, "q": 0.9900072613922841, "fallback": false}
{"width": 768, "step": 256, "matrix": "model.layers.0.self_attn.o_proj", "rank": 768, "cost": 1.0, "q": 1.0, "fallback": true}
{"width": 768, "step": 256, "matrix": "model.layers.0.mlp.gate_proj", "rank": 2048, "cost": 1.0, "q": 1.0, "fallback": true}
{"width": 768, "step": 256, "matrix": "model.layers.0.mlp.up_proj", "rank": 2048, "cost": 1.0, "q": 1.0, "fallback": true}
{"width": 768, "step": 256, "matrix": "model.layers.0.mlp.down_proj", "rank": 768, "cost": 1.0, "q": 1.0, "fallback": true}
{"width": 768, "step": 256, "matrix": "model.layers.3.self_attn.q_proj", "rank": 180, "cost": 0.5126953125, "q": 0.9900486514459351, "fallback": false}
{"width": 768, "step": 256, "matrix": "model.layers.3.self_attn.k_proj", "rank": 100, "cost": 0.5452473958333334, "q": 0.9910665893275026, "fallback": false}
{"width": 768, "step": 256, "matrix": "model.layers.3.self_attn.v_proj", "rank": 130, "cost": 0.7088216145833334, "q": 0.9901046183995577, "fallback": false}
{"width": 768, "step": 256, "matrix": "model.layers.3.self_attn.o_proj", "rank": 768, "cost": 1.0, "q": 1.0, "fallback": true}
{"width": 768, "step": 256, "matrix": "model.layers.3.mlp.gate_proj", "rank": 2048, "cost": 1.0, "q": 1.0, "fallback": true}
{"width": 768, "step": 256, "matrix": "model.layers.3.mlp.up_proj", "rank": 2048, "cost": 1.0, "q": 1.0, "fallback": true}
{"width": 768, "step": 256, "matrix": "model.layers.3.mlp.down_proj", "rank": 452, "cost": 0.9195963541666666, "q": 0.9900618845003762, "fallback": false}
{"width": 768, "step": 256, "matrix": "model.layers.5.self_attn.q_proj", "rank": 43, "cost": 0.12247721354166669, "q": 0.9903890575546567, "fallback": false}
{"width": 768, "step": 256, "matrix": "model.layers.5.self_attn.k_proj", "rank": 37, "cost": 0.20174153645833334, "q": 0.9906277152450453, "fallback": false}
{"width": 768, "step": 256, "matrix": "model.layers.5.self_attn.v_proj", "rank": 117, "cost": 0.637939453125, "q": 0.9900314299610553, "fallback": false}
{"width": 768, "step": 256, "matrix": "model.layers.5.self_attn.o_proj", "rank": 768, "cost": 1.0, "q": 1.0, "fallback": true}
{"width": 768, "step": 256, "matrix": "model.layers.5.mlp.gate_proj", "rank": 467, "cost": 0.9501139322916666, "q": 0.9900152051810027, "fallback": false}
{"width": 768, "step": 256, "matrix": "model.layers.5.mlp.up_proj", "rank": 440, "cost": 0.8951822916666666, "q": 0.9900324033317129, "fallback": false}
{"width": 768, "step": 256, "matrix": "model.layers.5.mlp.down_proj", "rank": 428, "cost": 0.8707682291666666, "q": 0.9900928278197726, "fallback": false}
{"width": 768, "training_step": 320, "loss": 6.422773361206055}
{"width": 768, "training_step": 384, "loss": 6.847928524017334}
{"width": 768, "training_step": 448, "loss": 6.874120235443115}
{"width": 768, "training_step": 512, "loss": 6.648611068725586}
