{"documents_encoded": 16, "last_batch_start": 0, "maximum_payload_cells": 281}
{"documents_encoded": 32, "last_batch_start": 16, "maximum_payload_cells": 293}
{"documents_encoded": 48, "last_batch_start": 32, "maximum_payload_cells": 293}
{"documents_encoded": 64, "last_batch_start": 48, "maximum_payload_cells": 293}
{"documents_encoded": 80, "last_batch_start": 64, "maximum_payload_cells": 295}
{"documents_encoded": 96, "last_batch_start": 80, "maximum_payload_cells": 295}
{"documents_encoded": 112, "last_batch_start": 96, "maximum_payload_cells": 295}
{"documents_encoded": 128, "last_batch_start": 112, "maximum_payload_cells": 301}
{"documents_encoded": 144, "last_batch_start": 128, "maximum_payload_cells": 301}
{"documents_encoded": 160, "last_batch_start": 144, "maximum_payload_cells": 318}
{"documents_encoded": 176, "last_batch_start": 160, "maximum_payload_cells": 318}
{"documents_encoded": 192, "last_batch_start": 176, "maximum_payload_cells": 318}
{"documents_encoded": 208, "last_batch_start": 192, "maximum_payload_cells": 318}
{"documents_encoded": 224, "last_batch_start": 208, "maximum_payload_cells": 318}
{"documents_encoded": 240, "last_batch_start": 224, "maximum_payload_cells": 318}
{"documents_encoded": 256, "last_batch_start": 240, "maximum_payload_cells": 318}
{"documents_encoded": 272, "last_batch_start": 256, "maximum_payload_cells": 318}
{"documents_encoded": 288, "last_batch_start": 272, "maximum_payload_cells": 318}
{"documents_encoded": 304, "last_batch_start": 288, "maximum_payload_cells": 318}
{"documents_encoded": 320, "last_batch_start": 304, "maximum_payload_cells": 318}
{"documents_encoded": 336, "last_batch_start": 320, "maximum_payload_cells": 318}
{"documents_encoded": 352, "last_batch_start": 336, "maximum_payload_cells": 318}
{"documents_encoded": 368, "last_batch_start": 352, "maximum_payload_cells": 318}
{"documents_encoded": 384, "last_batch_start": 368, "maximum_payload_cells": 325}
{"documents_encoded": 400, "last_batch_start": 384, "maximum_payload_cells": 325}
{"documents_encoded": 416, "last_batch_start": 400, "maximum_payload_cells": 325}
{"documents_encoded": 432, "last_batch_start": 416, "maximum_payload_cells": 325}
{"documents_encoded": 448, "last_batch_start": 432, "maximum_payload_cells": 325}
{"documents_encoded": 464, "last_batch_start": 448, "maximum_payload_cells": 325}
{"documents_encoded": 480, "last_batch_start": 464, "maximum_payload_cells": 325}
{"documents_encoded": 496, "last_batch_start": 480, "maximum_payload_cells": 325}
{"documents_encoded": 512, "last_batch_start": 496, "maximum_payload_cells": 325}
{"documents_encoded": 528, "last_batch_start": 512, "maximum_payload_cells": 328}
{"documents_encoded": 544, "last_batch_start": 528, "maximum_payload_cells": 328}
{"documents_encoded": 560, "last_batch_start": 544, "maximum_payload_cells": 328}
{"documents_encoded": 576, "last_batch_start": 560, "maximum_payload_cells": 328}
{"documents_encoded": 592, "last_batch_start": 576, "maximum_payload_cells": 328}
{"documents_encoded": 608, "last_batch_start": 592, "maximum_payload_cells": 328}
{"documents_encoded": 624, "last_batch_start": 608, "maximum_payload_cells": 328}
{"documents_encoded": 640, "last_batch_start": 624, "maximum_payload_cells": 328}
{"documents_encoded": 656, "last_batch_start": 640, "maximum_payload_cells": 328}
{"documents_encoded": 672, "last_batch_start": 656, "maximum_payload_cells": 328}
{"documents_encoded": 688, "last_batch_start": 672, "maximum_payload_cells": 328}
{"documents_encoded": 704, "last_batch_start": 688, "maximum_payload_cells": 328}
{"documents_encoded": 720, "last_batch_start": 704, "maximum_payload_cells": 328}
{"documents_encoded": 736, "last_batch_start": 720, "maximum_payload_cells": 328}
{"documents_encoded": 752, "last_batch_start": 736, "maximum_payload_cells": 328}
{"documents_encoded": 768, "last_batch_start": 752, "maximum_payload_cells": 328}
{"documents_encoded": 784, "last_batch_start": 768, "maximum_payload_cells": 328}
{"documents_encoded": 800, "last_batch_start": 784, "maximum_payload_cells": 328}
{"documents_encoded": 816, "last_batch_start": 800, "maximum_payload_cells": 328}
{"documents_encoded": 832, "last_batch_start": 816, "maximum_payload_cells": 328}
{"documents_encoded": 848, "last_batch_start": 832, "maximum_payload_cells": 328}
{"documents_encoded": 864, "last_batch_start": 848, "maximum_payload_cells": 328}
{"documents_encoded": 880, "last_batch_start": 864, "maximum_payload_cells": 328}
{"documents_encoded": 896, "last_batch_start": 880, "maximum_payload_cells": 328}
{"documents_encoded": 912, "last_batch_start": 896, "maximum_payload_cells": 328}
{"documents_encoded": 928, "last_batch_start": 912, "maximum_payload_cells": 328}
{"documents_encoded": 944, "last_batch_start": 928, "maximum_payload_cells": 328}
{"documents_encoded": 960, "last_batch_start": 944, "maximum_payload_cells": 328}
{"documents_encoded": 976, "last_batch_start": 960, "maximum_payload_cells": 328}
{"documents_encoded": 992, "last_batch_start": 976, "maximum_payload_cells": 328}
{"documents_encoded": 1008, "last_batch_start": 992, "maximum_payload_cells": 328}
{"documents_encoded": 1024, "last_batch_start": 1008, "maximum_payload_cells": 328}
{"documents_encoded": 1040, "last_batch_start": 1024, "maximum_payload_cells": 328}
{"documents_encoded": 1056, "last_batch_start": 1040, "maximum_payload_cells": 328}
{"documents_encoded": 1072, "last_batch_start": 1056, "maximum_payload_cells": 328}
{"documents_encoded": 1088, "last_batch_start": 1072, "maximum_payload_cells": 328}
{"documents_encoded": 1104, "last_batch_start": 1088, "maximum_payload_cells": 328}
{"documents_encoded": 1120, "last_batch_start": 1104, "maximum_payload_cells": 328}
{"documents_encoded": 1136, "last_batch_start": 1120, "maximum_payload_cells": 328}
{"documents_encoded": 1152, "last_batch_start": 1136, "maximum_payload_cells": 328}
{"documents_encoded": 1168, "last_batch_start": 1152, "maximum_payload_cells": 328}
{"documents_encoded": 1184, "last_batch_start": 1168, "maximum_payload_cells": 328}
{"documents_encoded": 1200, "last_batch_start": 1184, "maximum_payload_cells": 328}
{"documents_encoded": 1216, "last_batch_start": 1200, "maximum_payload_cells": 328}
{"documents_encoded": 1232, "last_batch_start": 1216, "maximum_payload_cells": 328}
{"documents_encoded": 1248, "last_batch_start": 1232, "maximum_payload_cells": 328}
{"documents_encoded": 1264, "last_batch_start": 1248, "maximum_payload_cells": 328}
{"documents_encoded": 1280, "last_batch_start": 1264, "maximum_payload_cells": 328}
{"documents_encoded": 1296, "last_batch_start": 1280, "maximum_payload_cells": 328}
{"documents_encoded": 1312, "last_batch_start": 1296, "maximum_payload_cells": 328}
{"documents_encoded": 1328, "last_batch_start": 1312, "maximum_payload_cells": 328}
{"documents_encoded": 1344, "last_batch_start": 1328, "maximum_payload_cells": 328}
{"documents_encoded": 1360, "last_batch_start": 1344, "maximum_payload_cells": 328}
{"documents_encoded": 1376, "last_batch_start": 1360, "maximum_payload_cells": 328}
{"documents_encoded": 1392, "last_batch_start": 1376, "maximum_payload_cells": 328}
{"documents_encoded": 1408, "last_batch_start": 1392, "maximum_payload_cells": 328}
{"documents_encoded": 1424, "last_batch_start": 1408, "maximum_payload_cells": 328}
{"documents_encoded": 1440, "last_batch_start": 1424, "maximum_payload_cells": 328}
{"documents_encoded": 1456, "last_batch_start": 1440, "maximum_payload_cells": 329}
{"documents_encoded": 1472, "last_batch_start": 1456, "maximum_payload_cells": 329}
{"documents_encoded": 1488, "last_batch_start": 1472, "maximum_payload_cells": 329}
{"documents_encoded": 1504, "last_batch_start": 1488, "maximum_payload_cells": 329}
{"documents_encoded": 1520, "last_batch_start": 1504, "maximum_payload_cells": 329}
{"documents_encoded": 1536, "last_batch_start": 1520, "maximum_payload_cells": 329}
{"documents_encoded": 1552, "last_batch_start": 1536, "maximum_payload_cells": 338}
{"documents_encoded": 1568, "last_batch_start": 1552, "maximum_payload_cells": 338}
{"documents_encoded": 1584, "last_batch_start": 1568, "maximum_payload_cells": 338}
{"documents_encoded": 1600, "last_batch_start": 1584, "maximum_payload_cells": 348}
{"documents_encoded": 1616, "last_batch_start": 1600, "maximum_payload_cells": 348}
{"documents_encoded": 1632, "last_batch_start": 1616, "maximum_payload_cells": 348}
{"documents_encoded": 1648, "last_batch_start": 1632, "maximum_payload_cells": 348}
{"documents_encoded": 1664, "last_batch_start": 1648, "maximum_payload_cells": 348}
{"documents_encoded": 1680, "last_batch_start": 1664, "maximum_payload_cells": 348}
{"documents_encoded": 1696, "last_batch_start": 1680, "maximum_payload_cells": 348}
{"documents_encoded": 1712, "last_batch_start": 1696, "maximum_payload_cells": 348}
{"documents_encoded": 1728, "last_batch_start": 1712, "maximum_payload_cells": 348}
{"documents_encoded": 1744, "last_batch_start": 1728, "maximum_payload_cells": 348}
{"documents_encoded": 1760, "last_batch_start": 1744, "maximum_payload_cells": 348}
{"documents_encoded": 1776, "last_batch_start": 1760, "maximum_payload_cells": 348}
{"documents_encoded": 1792, "last_batch_start": 1776, "maximum_payload_cells": 348}
{"documents_encoded": 1808, "last_batch_start": 1792, "maximum_payload_cells": 348}
{"documents_encoded": 1824, "last_batch_start": 1808, "maximum_payload_cells": 348}
{"documents_encoded": 1840, "last_batch_start": 1824, "maximum_payload_cells": 348}
{"documents_encoded": 1856, "last_batch_start": 1840, "maximum_payload_cells": 348}
{"documents_encoded": 1872, "last_batch_start": 1856, "maximum_payload_cells": 348}
{"documents_encoded": 1888, "last_batch_start": 1872, "maximum_payload_cells": 348}
{"documents_encoded": 1904, "last_batch_start": 1888, "maximum_payload_cells": 348}
{"documents_encoded": 1920, "last_batch_start": 1904, "maximum_payload_cells": 348}
{"documents_encoded": 1936, "last_batch_start": 1920, "maximum_payload_cells": 348}
{"documents_encoded": 1952, "last_batch_start": 1936, "maximum_payload_cells": 361}
{"documents_encoded": 1968, "last_batch_start": 1952, "maximum_payload_cells": 361}
{"documents_encoded": 1984, "last_batch_start": 1968, "maximum_payload_cells": 361}
{"documents_encoded": 2000, "last_batch_start": 1984, "maximum_payload_cells": 361}
{"documents_encoded": 2016, "last_batch_start": 2000, "maximum_payload_cells": 361}
{"documents_encoded": 2032, "last_batch_start": 2016, "maximum_payload_cells": 361}
{"documents_encoded": 2048, "last_batch_start": 2032, "maximum_payload_cells": 361}
{"documents_encoded": 2064, "last_batch_start": 2048, "maximum_payload_cells": 361}
{"documents_encoded": 2080, "last_batch_start": 2064, "maximum_payload_cells": 361}
{"documents_encoded": 2096, "last_batch_start": 2080, "maximum_payload_cells": 361}
{"documents_encoded": 2112, "last_batch_start": 2096, "maximum_payload_cells": 361}
{"documents_encoded": 2128, "last_batch_start": 2112, "maximum_payload_cells": 361}
{"documents_encoded": 2144, "last_batch_start": 2128, "maximum_payload_cells": 361}
{"documents_encoded": 2160, "last_batch_start": 2144, "maximum_payload_cells": 361}
{"documents_encoded": 2176, "last_batch_start": 2160, "maximum_payload_cells": 361}
{"documents_encoded": 2192, "last_batch_start": 2176, "maximum_payload_cells": 361}
{"documents_encoded": 2208, "last_batch_start": 2192, "maximum_payload_cells": 361}
{"documents_encoded": 2224, "last_batch_start": 2208, "maximum_payload_cells": 361}
{"documents_encoded": 2240, "last_batch_start": 2224, "maximum_payload_cells": 361}
{"documents_encoded": 2256, "last_batch_start": 2240, "maximum_payload_cells": 361}
{"documents_encoded": 2272, "last_batch_start": 2256, "maximum_payload_cells": 361}
{"documents_encoded": 2288, "last_batch_start": 2272, "maximum_payload_cells": 361}
{"documents_encoded": 2304, "last_batch_start": 2288, "maximum_payload_cells": 361}
{"documents_encoded": 2320, "last_batch_start": 2304, "maximum_payload_cells": 361}
{"documents_encoded": 2336, "last_batch_start": 2320, "maximum_payload_cells": 361}
{"documents_encoded": 2352, "last_batch_start": 2336, "maximum_payload_cells": 361}
{"documents_encoded": 2368, "last_batch_start": 2352, "maximum_payload_cells": 361}
{"documents_encoded": 2384, "last_batch_start": 2368, "maximum_payload_cells": 361}
{"documents_encoded": 2400, "last_batch_start": 2384, "maximum_payload_cells": 361}
{"documents_encoded": 2405, "last_batch_start": 2400, "maximum_payload_cells": 361}
{
  "all_gates_pass": false,
  "coder": {
    "bitstream_sha256": "5b53e752722d66ac96b47fcf32f8004afc5a1f93adcdf04179f448ef3515f7b3",
    "documents": 2405,
    "escape_rate_after_first_token": 0.23082304732397183,
    "escapes": 55428,
    "finite_bits": 1889614,
    "finite_over_ideal": 1.0500715423027356,
    "ideal_bits": 1799509.7704068858,
    "maximum_payload_cells": 361,
    "mean_payload_cells": 196.82245322245322,
    "payload_cells": 473358,
    "tokens": 242537
  },
  "failed_gates": [
    "maximum_payload_at_most_350_cells"
  ],
  "output": "results/predictive-residual-coder-t19d.json",
  "physical_write_ledger": {
    "address_writes": 81770,
    "decoder_reserved_entries": 53401,
    "hard_cap_headroom": 53401,
    "payload_writes": 473358,
    "sentinel_writes": 2405,
    "title_writes": 132800,
    "total_writes": 690333
  }
}
