stage=environment
2026-07-31T06:40:12+00:00
0, NVIDIA H100 80GB HBM3, 81559 MiB, 580.126.20
{"bf16": true, "cuda": "12.8", "gpu": "NVIDIA H100 80GB HBM3", "python": "3.12.3", "torch": "2.11.0+cu128"}
stage=install_cpu_dependencies
error: externally-managed-environment

× This environment is externally managed
╰─> To install Python packages system-wide, try apt install
    python3-xyz, where xyz is the package you are trying to
    install.
    
    If you wish to install a non-Debian-packaged Python package,
    create a virtual environment using python3 -m venv path/to/venv.
    Then use path/to/venv/bin/python and path/to/venv/bin/pip. Make
    sure you have python3-full installed.
    
    If you wish to install a non-Debian packaged Python application,
    it may be easiest to use pipx install xyz, which will manage a
    virtual environment for you. Make sure you have pipx installed.
    
    See /usr/share/doc/python3.12/README.venv for more information.

note: If you believe this is a mistake, please contact your Python installation or OS distribution provider. You can override this, at the risk of breaking your Python installation or OS, by passing --break-system-packages.
hint: See PEP 668 for the detailed specification.
stage=environment
2026-07-31T06:40:58+00:00
0, NVIDIA H100 80GB HBM3, 81559 MiB, 580.126.20
{"bf16": true, "cuda": "12.8", "gpu": "NVIDIA H100 80GB HBM3", "python": "3.12.3", "torch": "2.11.0+cu128"}
stage=install_cpu_dependencies
The virtual environment was not created successfully because ensurepip is not
available.  On Debian/Ubuntu systems, you need to install the python3-venv
package using the following command.

    apt install python3.12-venv

You may need to use sudo with that command.  After installing the python3-venv
package, recreate your virtual environment.

Failing command: /workspace/fixed-compute-frontier-t10-46367071/.t10-venv/bin/python

stage=environment
2026-07-31T06:41:50+00:00
0, NVIDIA H100 80GB HBM3, 81559 MiB, 580.126.20
{"bf16": true, "cuda": "12.8", "gpu": "NVIDIA H100 80GB HBM3", "python": "3.12.3", "torch": "2.11.0+cu128"}
stage=install_cpu_dependencies
Collecting datasets
  Downloading datasets-5.0.1-py3-none-any.whl.metadata (23 kB)
Collecting transformers
  Downloading transformers-5.14.1-py3-none-any.whl.metadata (32 kB)
Collecting pytest
  Downloading pytest-9.1.1-py3-none-any.whl.metadata (7.6 kB)
Requirement already satisfied: filelock in /usr/local/lib/python3.12/dist-packages (from datasets) (3.25.2)
Requirement already satisfied: numpy>=1.17 in /usr/local/lib/python3.12/dist-packages (from datasets) (2.4.3)
Collecting pyarrow>=21.0.0 (from datasets)
  Downloading pyarrow-25.0.0-cp312-cp312-manylinux_2_28_x86_64.whl.metadata (3.0 kB)
Collecting dill<0.4.2,>=0.3.0 (from datasets)
  Downloading dill-0.4.1-py3-none-any.whl.metadata (10 kB)
Collecting pandas (from datasets)
  Downloading pandas-3.0.5-cp312-cp312-manylinux_2_24_x86_64.manylinux_2_28_x86_64.whl.metadata (79 kB)
Requirement already satisfied: requests>=2.32.2 in /usr/local/lib/python3.12/dist-packages (from datasets) (2.32.5)
Collecting httpx<1.0.0 (from datasets)
  Downloading httpx-0.28.1-py3-none-any.whl.metadata (7.1 kB)
Collecting tqdm>=4.66.3 (from datasets)
  Downloading tqdm-4.70.0-py3-none-any.whl.metadata (57 kB)
Collecting xxhash (from datasets)
  Downloading xxhash-3.8.1-cp312-cp312-manylinux2014_x86_64.manylinux_2_17_x86_64.manylinux_2_28_x86_64.whl.metadata (15 kB)
Collecting multiprocess<0.70.20 (from datasets)
  Downloading multiprocess-0.70.19-py312-none-any.whl.metadata (7.5 kB)
Requirement already satisfied: fsspec<=2026.6.0,>=2023.1.0 in /usr/local/lib/python3.12/dist-packages (from fsspec[http]<=2026.6.0,>=2023.1.0->datasets) (2026.2.0)
Collecting huggingface-hub<2.0,>=0.25.0 (from datasets)
  Downloading huggingface_hub-1.26.0-py3-none-any.whl.metadata (16 kB)
Requirement already satisfied: packaging in /usr/local/lib/python3.12/dist-packages (from datasets) (26.0)
Requirement already satisfied: pyyaml>=5.1 in /usr/local/lib/python3.12/dist-packages (from datasets) (6.0.3)
Collecting aiohttp!=4.0.0a0,!=4.0.0a1 (from fsspec[http]<=2026.6.0,>=2023.1.0->datasets)
  Downloading aiohttp-3.14.3-cp312-cp312-manylinux2014_x86_64.manylinux_2_17_x86_64.manylinux_2_28_x86_64.whl.metadata (8.3 kB)
Collecting anyio (from httpx<1.0.0->datasets)
  Downloading anyio-4.14.2-py3-none-any.whl.metadata (4.6 kB)
Requirement already satisfied: certifi in /usr/local/lib/python3.12/dist-packages (from httpx<1.0.0->datasets) (2026.2.25)
Collecting httpcore==1.* (from httpx<1.0.0->datasets)
  Downloading httpcore-1.0.9-py3-none-any.whl.metadata (21 kB)
Requirement already satisfied: idna in /usr/local/lib/python3.12/dist-packages (from httpx<1.0.0->datasets) (3.11)
Collecting h11>=0.16 (from httpcore==1.*->httpx<1.0.0->datasets)
  Downloading h11-0.16.0-py3-none-any.whl.metadata (8.3 kB)
Collecting click<9.0.0,>=8.4.2 (from huggingface-hub<2.0,>=0.25.0->datasets)
  Downloading click-8.4.2-py3-none-any.whl.metadata (2.6 kB)
Collecting hf-xet<2.0.0,>=1.5.1 (from huggingface-hub<2.0,>=0.25.0->datasets)
  Downloading hf_xet-1.5.2-cp38-abi3-manylinux2014_x86_64.manylinux_2_17_x86_64.whl.metadata (4.9 kB)
Requirement already satisfied: typing-extensions>=4.1.0 in /usr/local/lib/python3.12/dist-packages (from huggingface-hub<2.0,>=0.25.0->datasets) (4.15.0)
Collecting regex>=2025.10.22 (from transformers)
  Downloading regex-2026.7.19-cp312-cp312-manylinux2014_x86_64.manylinux_2_17_x86_64.manylinux_2_28_x86_64.whl.metadata (40 kB)
Collecting tokenizers<=0.23.0,>=0.22.0 (from transformers)
  Downloading tokenizers-0.22.2-cp39-abi3-manylinux_2_17_x86_64.manylinux2014_x86_64.whl.metadata (7.3 kB)
Collecting typer (from transformers)
  Downloading typer-0.27.0-py3-none-any.whl.metadata (15 kB)
Collecting safetensors>=0.8.0 (from transformers)
  Downloading safetensors-0.8.0-cp310-abi3-manylinux_2_17_x86_64.manylinux2014_x86_64.whl.metadata (4.2 kB)
Collecting iniconfig>=1.0.1 (from pytest)
  Downloading iniconfig-2.3.0-py3-none-any.whl.metadata (2.5 kB)
Collecting pluggy<2,>=1.5 (from pytest)
  Downloading pluggy-1.6.0-py3-none-any.whl.metadata (4.8 kB)
Requirement already satisfied: pygments>=2.7.2 in /usr/local/lib/python3.12/dist-packages (from pytest) (2.19.2)
Collecting aiohappyeyeballs>=2.5.0 (from aiohttp!=4.0.0a0,!=4.0.0a1->fsspec[http]<=2026.6.0,>=2023.1.0->datasets)
  Downloading aiohappyeyeballs-2.7.1-py3-none-any.whl.metadata (5.9 kB)
Collecting aiosignal>=1.4.0 (from aiohttp!=4.0.0a0,!=4.0.0a1->fsspec[http]<=2026.6.0,>=2023.1.0->datasets)
  Downloading aiosignal-1.4.0-py3-none-any.whl.metadata (3.7 kB)
Collecting attrs>=17.3.0 (from aiohttp!=4.0.0a0,!=4.0.0a1->fsspec[http]<=2026.6.0,>=2023.1.0->datasets)
  Downloading attrs-26.1.0-py3-none-any.whl.metadata (8.8 kB)
Collecting frozenlist>=1.1.1 (from aiohttp!=4.0.0a0,!=4.0.0a1->fsspec[http]<=2026.6.0,>=2023.1.0->datasets)
  Downloading frozenlist-1.8.0-cp312-cp312-manylinux1_x86_64.manylinux_2_28_x86_64.manylinux_2_5_x86_64.whl.metadata (20 kB)
Collecting multidict<7.0,>=4.5 (from aiohttp!=4.0.0a0,!=4.0.0a1->fsspec[http]<=2026.6.0,>=2023.1.0->datasets)
  Downloading multidict-6.7.1-cp312-cp312-manylinux2014_x86_64.manylinux_2_17_x86_64.manylinux_2_28_x86_64.whl.metadata (5.3 kB)
Collecting propcache>=0.2.0 (from aiohttp!=4.0.0a0,!=4.0.0a1->fsspec[http]<=2026.6.0,>=2023.1.0->datasets)
  Downloading propcache-0.5.2-cp312-cp312-manylinux2014_x86_64.manylinux_2_17_x86_64.manylinux_2_28_x86_64.whl.metadata (16 kB)
Collecting yarl<2.0,>=1.17.0 (from aiohttp!=4.0.0a0,!=4.0.0a1->fsspec[http]<=2026.6.0,>=2023.1.0->datasets)
  Downloading yarl-1.24.5-cp312-cp312-manylinux2014_x86_64.manylinux_2_17_x86_64.manylinux_2_28_x86_64.whl.metadata (103 kB)
Requirement already satisfied: charset_normalizer<4,>=2 in /usr/local/lib/python3.12/dist-packages (from requests>=2.32.2->datasets) (3.4.6)
Requirement already satisfied: urllib3<3,>=1.21.1 in /usr/local/lib/python3.12/dist-packages (from requests>=2.32.2->datasets) (2.6.3)
Collecting python-dateutil>=2.8.2 (from pandas->datasets)
  Downloading python_dateutil-2.9.0.post0-py2.py3-none-any.whl.metadata (8.4 kB)
Requirement already satisfied: six>=1.5 in /usr/local/lib/python3.12/dist-packages (from python-dateutil>=2.8.2->pandas->datasets) (1.17.0)
Collecting shellingham>=1.3.0 (from typer->transformers)
  Downloading shellingham-1.5.4-py2.py3-none-any.whl.metadata (3.5 kB)
Collecting rich>=13.8.0 (from typer->transformers)
  Downloading rich-15.0.0-py3-none-any.whl.metadata (18 kB)
Collecting annotated-doc>=0.0.2 (from typer->transformers)
  Downloading annotated_doc-0.0.5-py3-none-any.whl.metadata (6.5 kB)
Collecting markdown-it-py>=2.2.0 (from rich>=13.8.0->typer->transformers)
  Downloading markdown_it_py-4.2.0-py3-none-any.whl.metadata (7.4 kB)
Collecting mdurl~=0.1 (from markdown-it-py>=2.2.0->rich>=13.8.0->typer->transformers)
  Downloading mdurl-0.1.2-py3-none-any.whl.metadata (1.6 kB)
Downloading datasets-5.0.1-py3-none-any.whl (559 kB)
   ━━━━━━━━━━━━━━━━━━━━━━━━━━━━━━━━━━━━━━━━ 559.1/559.1 kB 34.4 MB/s  0:00:00
Downloading dill-0.4.1-py3-none-any.whl (120 kB)
Downloading httpx-0.28.1-py3-none-any.whl (73 kB)
Downloading httpcore-1.0.9-py3-none-any.whl (78 kB)
Downloading huggingface_hub-1.26.0-py3-none-any.whl (780 kB)
   ━━━━━━━━━━━━━━━━━━━━━━━━━━━━━━━━━━━━━━━━ 780.4/780.4 kB 74.2 MB/s  0:00:00
Downloading click-8.4.2-py3-none-any.whl (119 kB)
Downloading hf_xet-1.5.2-cp38-abi3-manylinux2014_x86_64.manylinux_2_17_x86_64.whl (4.4 MB)
   ━━━━━━━━━━━━━━━━━━━━━━━━━━━━━━━━━━━━━━━━ 4.4/4.4 MB 239.2 MB/s  0:00:00
Downloading multiprocess-0.70.19-py312-none-any.whl (150 kB)
Downloading transformers-5.14.1-py3-none-any.whl (11.6 MB)
   ━━━━━━━━━━━━━━━━━━━━━━━━━━━━━━━━━━━━━━━━ 11.6/11.6 MB 295.8 MB/s  0:00:00
Downloading tokenizers-0.22.2-cp39-abi3-manylinux_2_17_x86_64.manylinux2014_x86_64.whl (3.3 MB)
   ━━━━━━━━━━━━━━━━━━━━━━━━━━━━━━━━━━━━━━━━ 3.3/3.3 MB 240.3 MB/s  0:00:00
Downloading pytest-9.1.1-py3-none-any.whl (386 kB)
Downloading pluggy-1.6.0-py3-none-any.whl (20 kB)
Downloading aiohttp-3.14.3-cp312-cp312-manylinux2014_x86_64.manylinux_2_17_x86_64.manylinux_2_28_x86_64.whl (1.8 MB)
   ━━━━━━━━━━━━━━━━━━━━━━━━━━━━━━━━━━━━━━━━ 1.8/1.8 MB 153.1 MB/s  0:00:00
Downloading multidict-6.7.1-cp312-cp312-manylinux2014_x86_64.manylinux_2_17_x86_64.manylinux_2_28_x86_64.whl (256 kB)
Downloading yarl-1.24.5-cp312-cp312-manylinux2014_x86_64.manylinux_2_17_x86_64.manylinux_2_28_x86_64.whl (109 kB)
Downloading aiohappyeyeballs-2.7.1-py3-none-any.whl (15 kB)
Downloading aiosignal-1.4.0-py3-none-any.whl (7.5 kB)
Downloading attrs-26.1.0-py3-none-any.whl (67 kB)
Downloading frozenlist-1.8.0-cp312-cp312-manylinux1_x86_64.manylinux_2_28_x86_64.manylinux_2_5_x86_64.whl (242 kB)
Downloading h11-0.16.0-py3-none-any.whl (37 kB)
Downloading iniconfig-2.3.0-py3-none-any.whl (7.5 kB)
Downloading propcache-0.5.2-cp312-cp312-manylinux2014_x86_64.manylinux_2_17_x86_64.manylinux_2_28_x86_64.whl (61 kB)
Downloading pyarrow-25.0.0-cp312-cp312-manylinux_2_28_x86_64.whl (50.1 MB)
   ━━━━━━━━━━━━━━━━━━━━━━━━━━━━━━━━━━━━━━━━ 50.1/50.1 MB 354.1 MB/s  0:00:00
Downloading regex-2026.7.19-cp312-cp312-manylinux2014_x86_64.manylinux_2_17_x86_64.manylinux_2_28_x86_64.whl (801 kB)
   ━━━━━━━━━━━━━━━━━━━━━━━━━━━━━━━━━━━━━━━━ 801.8/801.8 kB 67.9 MB/s  0:00:00
Downloading safetensors-0.8.0-cp310-abi3-manylinux_2_17_x86_64.manylinux2014_x86_64.whl (516 kB)
Downloading tqdm-4.70.0-py3-none-any.whl (80 kB)
Downloading anyio-4.14.2-py3-none-any.whl (125 kB)
Downloading pandas-3.0.5-cp312-cp312-manylinux_2_24_x86_64.manylinux_2_28_x86_64.whl (11.0 MB)
   ━━━━━━━━━━━━━━━━━━━━━━━━━━━━━━━━━━━━━━━━ 11.0/11.0 MB 337.3 MB/s  0:00:00
Downloading python_dateutil-2.9.0.post0-py2.py3-none-any.whl (229 kB)
Downloading typer-0.27.0-py3-none-any.whl (122 kB)
Downloading annotated_doc-0.0.5-py3-none-any.whl (5.3 kB)
Downloading rich-15.0.0-py3-none-any.whl (310 kB)
Downloading markdown_it_py-4.2.0-py3-none-any.whl (91 kB)
Downloading mdurl-0.1.2-py3-none-any.whl (10.0 kB)
Downloading shellingham-1.5.4-py2.py3-none-any.whl (9.8 kB)
Downloading xxhash-3.8.1-cp312-cp312-manylinux2014_x86_64.manylinux_2_17_x86_64.manylinux_2_28_x86_64.whl (220 kB)
Installing collected packages: xxhash, tqdm, shellingham, safetensors, regex, python-dateutil, pyarrow, propcache, pluggy, multidict, mdurl, iniconfig, hf-xet, h11, frozenlist, dill, click, attrs, anyio, annotated-doc, aiohappyeyeballs, yarl, pytest, pandas, multiprocess, markdown-it-py, httpcore, aiosignal, rich, httpx, aiohttp, typer, huggingface-hub, tokenizers, datasets, transformers
  Attempting uninstall: click
    Found existing installation: click 8.3.1
    Uninstalling click-8.3.1:
      Successfully uninstalled click-8.3.1

ERROR: pip's dependency resolver does not currently take into account all the packages that are installed. This behaviour is the source of the following dependency conflicts.
spin 0.17 requires click!=8.3.0,<8.4,>=8, but you have click 8.4.2 which is incompatible.
Successfully installed aiohappyeyeballs-2.7.1 aiohttp-3.14.3 aiosignal-1.4.0 annotated-doc-0.0.5 anyio-4.14.2 attrs-26.1.0 click-8.4.2 datasets-5.0.1 dill-0.4.1 frozenlist-1.8.0 h11-0.16.0 hf-xet-1.5.2 httpcore-1.0.9 httpx-0.28.1 huggingface-hub-1.26.0 iniconfig-2.3.0 markdown-it-py-4.2.0 mdurl-0.1.2 multidict-6.7.1 multiprocess-0.70.19 pandas-3.0.5 pluggy-1.6.0 propcache-0.5.2 pyarrow-25.0.0 pytest-9.1.1 python-dateutil-2.9.0.post0 regex-2026.7.19 rich-15.0.0 safetensors-0.8.0 shellingham-1.5.4 tokenizers-0.22.2 tqdm-4.70.0 transformers-5.14.1 typer-0.27.0 xxhash-3.8.1 yarl-1.24.5
WARNING: Running pip as the 'root' user can result in broken permissions and conflicting behaviour with the system package manager, possibly rendering your system unusable. It is recommended to use a virtual environment instead: https://pip.pypa.io/warnings/venv. Use the --root-user-action option if you know what you are doing and want to suppress this warning.
stage=prepare_and_verify_data
Warning: You are sending unauthenticated requests to the HF Hub. Please set a HF_TOKEN to enable higher rate limits and faster downloads.
Traceback (most recent call last):
  File "/workspace/fixed-compute-frontier-t10-46367071/experiments/prepare_raw_prose_equality_plane_t10_data.py", line 184, in run
    files = verify_data(args.output_dir)
            ^^^^^^^^^^^^^^^^^^^^^^^^^^^^
  File "/workspace/fixed-compute-frontier-t10-46367071/experiments/prepare_raw_prose_equality_plane_t10_data.py", line 75, in verify_data
    name: verify_file(
          ^^^^^^^^^^^^
  File "/workspace/fixed-compute-frontier-t10-46367071/experiments/prepare_raw_prose_equality_plane_t10_data.py", line 55, in verify_file
    raise FileNotFoundError(path)
FileNotFoundError: /workspace/fixed-compute-frontier-t10-46367071/data/block-algebra-scratch-v4576/train.uint16.bin

During handling of the above exception, another exception occurred:

Traceback (most recent call last):
  File "/workspace/fixed-compute-frontier-t10-46367071/experiments/prepare_raw_prose_equality_plane_t10_data.py", line 241, in <module>
    main()
  File "/workspace/fixed-compute-frontier-t10-46367071/experiments/prepare_raw_prose_equality_plane_t10_data.py", line 237, in main
    print(json.dumps(run(args), indent=2, sort_keys=True))
                     ^^^^^^^^^
  File "/workspace/fixed-compute-frontier-t10-46367071/experiments/prepare_raw_prose_equality_plane_t10_data.py", line 199, in run
    generation = generate(args.output_dir, args.tokenizer_batch)
                 ^^^^^^^^^^^^^^^^^^^^^^^^^^^^^^^^^^^^^^^^^^^^^^^
  File "/workspace/fixed-compute-frontier-t10-46367071/experiments/prepare_raw_prose_equality_plane_t10_data.py", line 163, in generate
    verify_file(
  File "/workspace/fixed-compute-frontier-t10-46367071/experiments/prepare_raw_prose_equality_plane_t10_data.py", line 63, in verify_file
    raise RuntimeError(
RuntimeError: /workspace/fixed-compute-frontier-t10-46367071/data/block-algebra-scratch-v4576/train.uint16.bin.partial sha256 is 391e39954bba6f9642382d508166e901c17665d86441719173760aeb8e4f45b6; expected 1871a8a790e2b2ae5273f1a46bc9fa2e39cbe95d5cb7537bde5a2b3e35cb464a
stage=environment
2026-07-31T06:45:46+00:00
0, NVIDIA H100 80GB HBM3, 81559 MiB, 580.126.20
{"bf16": true, "cuda": "12.8", "gpu": "NVIDIA H100 80GB HBM3", "python": "3.12.3", "torch": "2.11.0+cu128"}
stage=install_cpu_dependencies
Collecting datasets==4.0.0
  Downloading datasets-4.0.0-py3-none-any.whl.metadata (19 kB)
Collecting transformers==4.57.6
  Downloading transformers-4.57.6-py3-none-any.whl.metadata (43 kB)
Requirement already satisfied: pytest in /usr/local/lib/python3.12/dist-packages (9.1.1)
Requirement already satisfied: filelock in /usr/local/lib/python3.12/dist-packages (from datasets==4.0.0) (3.25.2)
Requirement already satisfied: numpy>=1.17 in /usr/local/lib/python3.12/dist-packages (from datasets==4.0.0) (2.4.3)
Requirement already satisfied: pyarrow>=15.0.0 in /usr/local/lib/python3.12/dist-packages (from datasets==4.0.0) (25.0.0)
Collecting dill<0.3.9,>=0.3.0 (from datasets==4.0.0)
  Downloading dill-0.3.8-py3-none-any.whl.metadata (10 kB)
Requirement already satisfied: pandas in /usr/local/lib/python3.12/dist-packages (from datasets==4.0.0) (3.0.5)
Requirement already satisfied: requests>=2.32.2 in /usr/local/lib/python3.12/dist-packages (from datasets==4.0.0) (2.32.5)
Requirement already satisfied: tqdm>=4.66.3 in /usr/local/lib/python3.12/dist-packages (from datasets==4.0.0) (4.70.0)
Requirement already satisfied: xxhash in /usr/local/lib/python3.12/dist-packages (from datasets==4.0.0) (3.8.1)
Collecting multiprocess<0.70.17 (from datasets==4.0.0)
  Downloading multiprocess-0.70.16-py312-none-any.whl.metadata (7.2 kB)
Collecting fsspec<=2025.3.0,>=2023.1.0 (from fsspec[http]<=2025.3.0,>=2023.1.0->datasets==4.0.0)
  Downloading fsspec-2025.3.0-py3-none-any.whl.metadata (11 kB)
Requirement already satisfied: huggingface-hub>=0.24.0 in /usr/local/lib/python3.12/dist-packages (from datasets==4.0.0) (1.26.0)
Requirement already satisfied: packaging in /usr/local/lib/python3.12/dist-packages (from datasets==4.0.0) (26.0)
Requirement already satisfied: pyyaml>=5.1 in /usr/local/lib/python3.12/dist-packages (from datasets==4.0.0) (6.0.3)
Collecting huggingface-hub>=0.24.0 (from datasets==4.0.0)
  Downloading huggingface_hub-0.36.2-py3-none-any.whl.metadata (15 kB)
Requirement already satisfied: regex!=2019.12.17 in /usr/local/lib/python3.12/dist-packages (from transformers==4.57.6) (2026.7.19)
Requirement already satisfied: tokenizers<=0.23.0,>=0.22.0 in /usr/local/lib/python3.12/dist-packages (from transformers==4.57.6) (0.22.2)
Requirement already satisfied: safetensors>=0.4.3 in /usr/local/lib/python3.12/dist-packages (from transformers==4.57.6) (0.8.0)
Requirement already satisfied: aiohttp!=4.0.0a0,!=4.0.0a1 in /usr/local/lib/python3.12/dist-packages (from fsspec[http]<=2025.3.0,>=2023.1.0->datasets==4.0.0) (3.14.3)
Requirement already satisfied: hf-xet<2.0.0,>=1.1.3 in /usr/local/lib/python3.12/dist-packages (from huggingface-hub>=0.24.0->datasets==4.0.0) (1.5.2)
Requirement already satisfied: typing-extensions>=3.7.4.3 in /usr/local/lib/python3.12/dist-packages (from huggingface-hub>=0.24.0->datasets==4.0.0) (4.15.0)
Requirement already satisfied: iniconfig>=1.0.1 in /usr/local/lib/python3.12/dist-packages (from pytest) (2.3.0)
Requirement already satisfied: pluggy<2,>=1.5 in /usr/local/lib/python3.12/dist-packages (from pytest) (1.6.0)
Requirement already satisfied: pygments>=2.7.2 in /usr/local/lib/python3.12/dist-packages (from pytest) (2.19.2)
Requirement already satisfied: aiohappyeyeballs>=2.5.0 in /usr/local/lib/python3.12/dist-packages (from aiohttp!=4.0.0a0,!=4.0.0a1->fsspec[http]<=2025.3.0,>=2023.1.0->datasets==4.0.0) (2.7.1)
Requirement already satisfied: aiosignal>=1.4.0 in /usr/local/lib/python3.12/dist-packages (from aiohttp!=4.0.0a0,!=4.0.0a1->fsspec[http]<=2025.3.0,>=2023.1.0->datasets==4.0.0) (1.4.0)
Requirement already satisfied: attrs>=17.3.0 in /usr/local/lib/python3.12/dist-packages (from aiohttp!=4.0.0a0,!=4.0.0a1->fsspec[http]<=2025.3.0,>=2023.1.0->datasets==4.0.0) (26.1.0)
Requirement already satisfied: frozenlist>=1.1.1 in /usr/local/lib/python3.12/dist-packages (from aiohttp!=4.0.0a0,!=4.0.0a1->fsspec[http]<=2025.3.0,>=2023.1.0->datasets==4.0.0) (1.8.0)
Requirement already satisfied: multidict<7.0,>=4.5 in /usr/local/lib/python3.12/dist-packages (from aiohttp!=4.0.0a0,!=4.0.0a1->fsspec[http]<=2025.3.0,>=2023.1.0->datasets==4.0.0) (6.7.1)
Requirement already satisfied: propcache>=0.2.0 in /usr/local/lib/python3.12/dist-packages (from aiohttp!=4.0.0a0,!=4.0.0a1->fsspec[http]<=2025.3.0,>=2023.1.0->datasets==4.0.0) (0.5.2)
Requirement already satisfied: yarl<2.0,>=1.17.0 in /usr/local/lib/python3.12/dist-packages (from aiohttp!=4.0.0a0,!=4.0.0a1->fsspec[http]<=2025.3.0,>=2023.1.0->datasets==4.0.0) (1.24.5)
Requirement already satisfied: idna>=2.0 in /usr/local/lib/python3.12/dist-packages (from yarl<2.0,>=1.17.0->aiohttp!=4.0.0a0,!=4.0.0a1->fsspec[http]<=2025.3.0,>=2023.1.0->datasets==4.0.0) (3.11)
Requirement already satisfied: charset_normalizer<4,>=2 in /usr/local/lib/python3.12/dist-packages (from requests>=2.32.2->datasets==4.0.0) (3.4.6)
Requirement already satisfied: urllib3<3,>=1.21.1 in /usr/local/lib/python3.12/dist-packages (from requests>=2.32.2->datasets==4.0.0) (2.6.3)
Requirement already satisfied: certifi>=2017.4.17 in /usr/local/lib/python3.12/dist-packages (from requests>=2.32.2->datasets==4.0.0) (2026.2.25)
Requirement already satisfied: python-dateutil>=2.8.2 in /usr/local/lib/python3.12/dist-packages (from pandas->datasets==4.0.0) (2.9.0.post0)
Requirement already satisfied: six>=1.5 in /usr/local/lib/python3.12/dist-packages (from python-dateutil>=2.8.2->pandas->datasets==4.0.0) (1.17.0)
Downloading datasets-4.0.0-py3-none-any.whl (494 kB)
Downloading transformers-4.57.6-py3-none-any.whl (12.0 MB)
   ━━━━━━━━━━━━━━━━━━━━━━━━━━━━━━━━━━━━━━━━ 12.0/12.0 MB 60.9 MB/s  0:00:00
Downloading dill-0.3.8-py3-none-any.whl (116 kB)
Downloading fsspec-2025.3.0-py3-none-any.whl (193 kB)
Downloading huggingface_hub-0.36.2-py3-none-any.whl (566 kB)
   ━━━━━━━━━━━━━━━━━━━━━━━━━━━━━━━━━━━━━━━━ 566.4/566.4 kB 42.0 MB/s  0:00:00
Downloading multiprocess-0.70.16-py312-none-any.whl (146 kB)
Installing collected packages: fsspec, dill, multiprocess, huggingface-hub, transformers, datasets
  Attempting uninstall: fsspec
    Found existing installation: fsspec 2026.2.0
    Uninstalling fsspec-2026.2.0:
      Successfully uninstalled fsspec-2026.2.0
  Attempting uninstall: dill
    Found existing installation: dill 0.4.1
    Uninstalling dill-0.4.1:
      Successfully uninstalled dill-0.4.1
  Attempting uninstall: multiprocess
    Found existing installation: multiprocess 0.70.19
    Uninstalling multiprocess-0.70.19:
      Successfully uninstalled multiprocess-0.70.19
  Attempting uninstall: huggingface-hub
    Found existing installation: huggingface_hub 1.26.0
    Uninstalling huggingface_hub-1.26.0:
      Successfully uninstalled huggingface_hub-1.26.0
  Attempting uninstall: transformers
    Found existing installation: transformers 5.14.1
    Uninstalling transformers-5.14.1:
      Successfully uninstalled transformers-5.14.1
  Attempting uninstall: datasets
    Found existing installation: datasets 5.0.1
    Uninstalling datasets-5.0.1:
      Successfully uninstalled datasets-5.0.1

Successfully installed datasets-4.0.0 dill-0.3.8 fsspec-2025.3.0 huggingface-hub-0.36.2 multiprocess-0.70.16 transformers-4.57.6
WARNING: Running pip as the 'root' user can result in broken permissions and conflicting behaviour with the system package manager, possibly rendering your system unusable. It is recommended to use a virtual environment instead: https://pip.pypa.io/warnings/venv. Use the --root-user-action option if you know what you are doing and want to suppress this warning.
datasets=4.0.0 transformers=4.57.6 tokenizers=0.22.2
stage=prepare_and_verify_data
{
  "dataset": "HuggingFaceTB/smollm-corpus",
  "dataset_config": "fineweb-edu-dedup",
  "dataset_revision": "3ba9d605774198c5868892d7a8deda78031a781f",
  "dtype": "uint16 little-endian",
  "elapsed_seconds": 36.181165013927966,
  "files": {
    "train": {
      "bytes": 100195056,
      "path": "/workspace/fixed-compute-frontier-t10-46367071/data/block-algebra-scratch-v4576/train.uint16.bin",
      "sha256": "1871a8a790e2b2ae5273f1a46bc9fa2e39cbe95d5cb7537bde5a2b3e35cb464a"
    },
    "validation": {
      "bytes": 4202496,
      "path": "/workspace/fixed-compute-frontier-t10-46367071/data/block-algebra-scratch-v4576/validation.uint16.bin",
      "sha256": "889188f0e4c43cd49b2933ac462e8bd367520f15fe08d324f169f7eca962ce7b"
    }
  },
  "generated": true,
  "generation": {
    "datasets_version": "4.0.0",
    "documents_contributing": {
      "train": 47373,
      "validation": 2057
    },
    "documents_scanned": 52672,
    "eos_token_id": 0,
    "files": {
      "train": {
        "bytes": 100195056,
        "path": "/workspace/fixed-compute-frontier-t10-46367071/data/block-algebra-scratch-v4576/train.uint16.bin",
        "sha256": "1871a8a790e2b2ae5273f1a46bc9fa2e39cbe95d5cb7537bde5a2b3e35cb464a"
      },
      "validation": {
        "bytes": 4202496,
        "path": "/workspace/fixed-compute-frontier-t10-46367071/data/block-algebra-scratch-v4576/validation.uint16.bin",
        "sha256": "889188f0e4c43cd49b2933ac462e8bd367520f15fe08d324f169f7eca962ce7b"
      }
    },
    "tokenizer_length": 49152,
    "tokenizers_version": "0.22.2",
    "transformers_version": "4.57.6"
  },
  "model": "HuggingFaceTB/SmolLM2-135M",
  "model_revision": "93efa2f097d58c2a74874c7e644dbc9b0cee75a2",
  "schema": "raw-prose-equality-plane-t10-data-v1",
  "sequence_length": 512,
  "source_sha256": "442e4815facf76b0335c4227a92860cef1649a7d161c677dc5055d7d6b68d7e6",
  "split_rule": "validation iff uint64_be(sha256(id)[:8]) mod 10 == 0",
  "status": "pass",
  "train_sequences": 97656,
  "validation_sequences": 4096
}
stage=cpu_contract_tests
............                                                             [100%]
12 passed in 5.72s
stage=bf16_representation_gate
{
  "output": "/workspace/fixed-compute-frontier-t10-46367071/results/raw-prose-equality-plane-t10-quick.json",
  "all_gates_pass": true,
  "evaluation": {
    "direct_accuracy": 1.0,
    "direct_errors": 0,
    "direct_queries": 12288,
    "direct_minimum_margin": 163.0,
    "equality_accuracy": 1.0,
    "equality_errors": 0,
    "equality_queries": 196608,
    "equality_positive_rate": 0.1785481721162796,
    "equality_minimum_margin": 163.0
  }
}
representation_all_gates_pass=true
stage=complete mode=quick
